YourComputableMyIGNameHere : Validation Results
=========================================

err = 24, warn = 24, info = 9
$--
Generated $--. FHIR version $-- for example.fhir.uv.myig#$-- (canonical = http://somewhere.org/fhir/uv/myig)
 Build Errors : 1 / 8 / 0
 input/examples/Binary-example : 0 / 0 / 1
 input/examples/Binary-image-example : 0 / 0 / 1
 input/examples/Library-example : 2 / 7 / 1
 input/examples/Observation-example : 10 / 2 / 3
 input/examples/Patient-example : 0 / 0 / 3
 input/examples/binary-logical-example : 1 / 0 / 1
 input/history/h1 : 0 / 0 / 2
 input/myig : 7 / 1 / 1
 input/resources/ActorDefinition-example : 0 / 0 / 2
 input/resources/MyLogical : 2 / 0 / 2
 input/resources/StructureDefinition-ext-myExtension : 0 / 0 / 1
 input/resources/codesystem-fake : 0 / 1 / 1
 input/resources/library-example-image : 0 / 0 / 1
 input/resources/library-example-sql : 0 / 0 / 1
 input/resources/myObservation : 0 / 4 / 4
 input/resources/questionnaire-example : 0 / 1 / 1
 input/resources/valueset-fake : 0 / 0 / 1
 input/resources/valueset-no-codesystem : 0 / 3 / 2
 not relevant : 1 / 1 / 1
</table>
== n/a ==
ERROR: /Users/runner/work/1/target-ig/input/cql/notincluded.cql: CQL source was not associated with a library resource in the IG.
WARNING: Unable to find ImplementationGuide.definition.resource.description for the resource Questionnaire/example.  Descriptions are strongly encouraged if they cannot be inferred from the resource to allow proper population of the artifact list.
WARNING: /Users/runner/work/1/target-ig/output/ActorDefinition-example.html: The html source has duplicate anchor Ids: example,hcexample
WARNING: /Users/runner/work/1/target-ig/output/Questionnaire-example.html: The html source has duplicate anchor Ids: example,hcexample
WARNING: 1: The HTML fragment 'ip-statements.xhtml' is not included anywhere in the produced implementation guide
WARNING: 2: An HTML fragment from the set [cross-version-analysis.xhtml, cross-version-analysis-inline.xhtml] is not included anywhere in the produced implementation guide
WARNING: 3: An HTML fragment from the set [dependency-table.xhtml, dependency-table-short.xhtml, dependency-table-nontech.xhtml] is not included anywhere in the produced implementation guide
WARNING: 4: The HTML fragment 'globals-table.xhtml' is not included anywhere in the produced implementation guide
WARNING: IG: The IG is not for the international realm, and it uses SNOMED CT, so it should fix the SCT edition in the expansion parameters
== input/examples/Binary-example.json ==
== input/examples/Binary-image-example.jpg ==
== input/examples/Library-example.json ==
WARNING: /Users/runner/work/1/target-ig/input/cql/example.cql: The function FHIRHelpers.ToString has multiple overloads and due to the SignatureLevel setting (None), the overload signature is not being included in the output. This may result in ambiguous function resolution at runtime, consider setting the SignatureLevel to Overloads or All to ensure that the output includes sufficient information to support correct overload selection at runtime.
WARNING: /Users/runner/work/1/target-ig/input/cql/example.cql: The function FHIRHelpers.ToInterval has multiple overloads and due to the SignatureLevel setting (None), the overload signature is not being included in the output. This may result in ambiguous function resolution at runtime, consider setting the SignatureLevel to Overloads or All to ensure that the output includes sufficient information to support correct overload selection at runtime.
WARNING: /Users/runner/work/1/target-ig/input/cql/example.cql: The function FHIRHelpers.ToDateTime has multiple overloads and due to the SignatureLevel setting (None), the overload signature is not being included in the output. This may result in ambiguous function resolution at runtime, consider setting the SignatureLevel to Overloads or All to ensure that the output includes sufficient information to support correct overload selection at runtime.
WARNING: Library/example: Library.relatedArtifact[1].resource: There are multiple different potential matches for the url 'http://terminology.hl7.org/CodeSystem/observation-category'. It might be a good idea to fix to the correct version to reduce the likelihood of a wrong version being selected by an implementation/implementer. Using version '1.0.1', found versions: 1.0.1, 4.0.1
ERROR: Library/example: Library.relatedArtifact[6].resource: Canonical URLs must be absolute URLs if they are not fragment references (TBD)
ERROR: Library/example: Library.dataRequirement[4].codeFilter[0].valueSet: Canonical URLs must be absolute URLs if they are not fragment references (TBD)
== input/examples/Observation-example.xml ==
ERROR: Observation/example: Observation.code: As specified by profile http://somewhere.org/fhir/uv/myig/StructureDefinition/myObservation|0.2.0, Element 'code' is out of order (found after subject)
ERROR: Observation/example: Observation.code.coding[2].display: Wrong Display Name 'VS1' for http://somewhere.org/fhir/uv/myig/CodeSystem/cs-fake#01. Valid display is one of 2 choices: 'CS1' or 'CS2' (null) (for the language(s) 'en')
ERROR: Observation/example: Observation.code.coding[4].display: Wrong Display Name 'VS2' for http://somewhere.org/fhir/uv/myig/CodeSystem/cs-fake#01. Valid display is one of 2 choices: 'CS1' or 'CS2' (null) (for the language(s) 'en')
ERROR: Observation/example: Observation.code: None of the codings provided are in the value set 'ValueSet fake' (http://somewhere.org/fhir/uv/myig/ValueSet/valueset-fake|0.2.0), and a coding from this value set is required) (codes = http://somewhere.org/fhir/uv/myig/CodeSystem/cs-fake#01, http://somewhere.org/fhir/uv/myig/CodeSystem/cs-fake#01, http://somewhere.org/fhir/uv/myig/CodeSystem/cs-fake#01, http://loinc.org#85354-9, http://somewhere.org/fhir/uv/myig/CodeSystem/cs-fake#01)
ERROR: Observation/example: Observation.code: As specified by profile http://hl7.org/fhir/StructureDefinition/bp|4.0.1, Element 'code' is out of order (found after subject)
ERROR: Observation/example: Observation: Observation.category: minimum required = 1, but only found 0 (from http://hl7.org/fhir/StructureDefinition/bp|4.0.1)
ERROR: Observation/example: Observation: Slice 'Observation.category:VSCat': a matching slice is required, but not found (from http://hl7.org/fhir/StructureDefinition/bp|4.0.1). Note that other slices are allowed in addition to this required slice
ERROR: Observation/example: Observation: Observation.effective[x]: minimum required = 1, but only found 0 (from http://hl7.org/fhir/StructureDefinition/bp|4.0.1)
INFORMATION: Observation/example: Observation.code: Reference to experimental CodeSystem http://somewhere.org/fhir/uv/myig/CodeSystem/cs-fake|0.2.0
ERROR: Observation/example: Observation.component[0].value.ofType(Quantity): Observation.component:SystolicBP.value[x].unit: minimum required = 1, but only found 0 (from http://hl7.org/fhir/StructureDefinition/bp|4.0.1)
ERROR: Observation/example: Observation.component[1].value.ofType(Quantity): Observation.component:DiastolicBP.value[x].unit: minimum required = 1, but only found 0 (from http://hl7.org/fhir/StructureDefinition/bp|4.0.1)
WARNING: Observation/example: Observation: Best Practice Recommendation: In general, all observations should have a performer
WARNING: Observation/example: Observation: Best Practice Recommendation: In general, all observations should have an effective[x] ()
== input/examples/Patient-example.xml ==
INFORMATION: Patient/example: Patient.name[0]: This element does not match any known slice defined in the profile http://somewhere.org/fhir/uv/myig/StructureDefinition/mypatient|0.2.0 (this may not be a problem, but you should check that it's not intended to match a slice)
INFORMATION: Patient/example: Patient.name[1]: This element does not match any known slice defined in the profile http://somewhere.org/fhir/uv/myig/StructureDefinition/mypatient|0.2.0 (this may not be a problem, but you should check that it's not intended to match a slice)
== input/examples/Binary-logical-example.xml ==
ERROR: Binary/logical-example: /?:MyLogical/?:element2: Text should not be present ('Text')
== input/history/h1.json ==
== input/myig.xml ==
WARNING: /Users/runner/work/1/target-ig/input/myig: Unknown Parameters: [showsource=true, fcp-approved-specification=false]
ERROR: ImplementationGuide/example.fhir.uv.myig: ImplementationGuide.definition.extension[5].extension[0].value.ofType(string): The value provided ('showsource') was not found in the value set 'ig-parameters Codes ValueSet' (http://hl7.org/fhir/tools/ValueSet/ig-parameters|0.3.0), and a code is required from this value set  (error message = The System URI could not be determined for the code 'showsource' in the ValueSet 'http://hl7.org/fhir/tools/ValueSet/ig-parameters|0.3.0'; The provided code '#showsource' was not found in the value set 'http://hl7.org/fhir/tools/ValueSet/ig-parameters|0.3.0')
ERROR: ImplementationGuide/example.fhir.uv.myig: ImplementationGuide.definition.extension[11].extension[0].value.ofType(string): The value provided ('fcp-approved-specification') was not found in the value set 'ig-parameters Codes ValueSet' (http://hl7.org/fhir/tools/ValueSet/ig-parameters|0.3.0), and a code is required from this value set  (error message = The System URI could not be determined for the code 'fcp-approved-specification' in the ValueSet 'http://hl7.org/fhir/tools/ValueSet/ig-parameters|0.3.0'; The provided code '#fcp-approved-specification' was not found in the value set 'http://hl7.org/fhir/tools/ValueSet/ig-parameters|0.3.0')
ERROR: ImplementationGuide/example.fhir.uv.myig: ImplementationGuide.definition.extension[41].extension[0].value.ofType(code): The value provided ('showsource') was not found in the value set 'ig-parameters Codes ValueSet' (http://hl7.org/fhir/tools/ValueSet/ig-parameters|0.3.0), and a code is required from this value set  (error message = The System URI could not be determined for the code 'showsource' in the ValueSet 'http://hl7.org/fhir/tools/ValueSet/ig-parameters|0.3.0'; The provided code '#showsource' was not found in the value set 'http://hl7.org/fhir/tools/ValueSet/ig-parameters|0.3.0')
ERROR: ImplementationGuide/example.fhir.uv.myig: ImplementationGuide.definition.extension[47].extension[0].value.ofType(code): The value provided ('fcp-approved-specification') was not found in the value set 'ig-parameters Codes ValueSet' (http://hl7.org/fhir/tools/ValueSet/ig-parameters|0.3.0), and a code is required from this value set  (error message = The System URI could not be determined for the code 'fcp-approved-specification' in the ValueSet 'http://hl7.org/fhir/tools/ValueSet/ig-parameters|0.3.0'; The provided code '#fcp-approved-specification' was not found in the value set 'http://hl7.org/fhir/tools/ValueSet/ig-parameters|0.3.0')
ERROR: ImplementationGuide/example.fhir.uv.myig: ImplementationGuide.definition.page.page[2]: The extension http://hl7.org/fhir/StructureDefinition/structuredefinition-fmm is not allowed to be used at this point (allowed = e:DomainResource, e:Resource; this element is [ImplementationGuide.definition.page, ImplementationGuide.definition.page.page])
ERROR: ImplementationGuide/example.fhir.uv.myig: ImplementationGuide.definition.page.page[2].page[0]: The extension http://hl7.org/fhir/StructureDefinition/structuredefinition-fmm is not allowed to be used at this point (allowed = e:DomainResource, e:Resource; this element is [ImplementationGuide.definition.page, ImplementationGuide.definition.page.page, ImplementationGuide.definition.page.page.page])
ERROR: ImplementationGuide/example.fhir.uv.myig: ImplementationGuide.definition.page.page[2].page[1]: The extension http://hl7.org/fhir/StructureDefinition/structuredefinition-fmm is not allowed to be used at this point (allowed = e:DomainResource, e:Resource; this element is [ImplementationGuide.definition.page, ImplementationGuide.definition.page.page, ImplementationGuide.definition.page.page.page])
== input/resources/ActorDefinition-example.json ==
INFORMATION: ActorDefinition/example: ActorDefinition.jurisdiction[0]: Reference to deprecated ValueSet http://hl7.org/fhir/5.0/ValueSet/jurisdiction|5.0.0
== input/resources/MyLogical.xml ==
INFORMATION: StructureDefinition/MyLogical: StructureDefinition.extension[0]: The extension http://hl7.org/fhir/StructureDefinition/elementdefinition-namespace|5.2.0 is deprecated with the note Replaced by [[[http://hl7.org/fhir/tools/StructureDefinition/xml-namespace]]]
ERROR: StructureDefinition/MyLogical: StructureDefinition.snapshot: Constraint failed: sdf-3: 'Each element definition in a snapshot must have a formal definition and cardinalities'
ERROR: StructureDefinition/MyLogical: StructureDefinition.snapshot.element[2]: The element slicing is prohibited on the element MyLogical.extension in the context of a specialization
== input/resources/StructureDefinition-ext-myExtension.json ==
== input/resources/codesystem-fake.xml ==
WARNING: CodeSystem/cs-fake: CodeSystem.concept[0].designation[0]: The designation 'CS2' has no use and no language, so is not differentiated from the base display ('CS1')
== input/resources/library-example-image.xml ==
== input/resources/library-example-sql.xml ==
== input/resources/myObservation.xml ==
WARNING: StructureDefinition/myObservation: StructureDefinition.identifier[0].type.coding[0].system: A definition for CodeSystem 'http://example.org/some-id-type-system' could not be found, so the code cannot be validated
WARNING: StructureDefinition/myObservation: StructureDefinition.identifier[1].type.coding[0]: A definition for CodeSystem 'http://example.org/some-id-type-system' could not be found, so the code cannot be validated
WARNING: StructureDefinition/myObservation: StructureDefinition.identifier[2].type.coding[0]: A definition for CodeSystem 'http://example.org/some-id-type-system' could not be found, so the code cannot be validated
WARNING: StructureDefinition/myObservation: StructureDefinition.identifier[3].type.coding[0]: A definition for CodeSystem 'http://example.org/some-id-type-system' could not be found, so the code cannot be validated
INFORMATION: StructureDefinition/myObservation: StructureDefinition.snapshot.element[4].binding.extension[0]: The extension http://hl7.org/fhir/StructureDefinition/elementdefinition-maxValueSet|5.2.0 is deprecated
INFORMATION: StructureDefinition/myObservation: StructureDefinition.differential.element[7].slicing.discriminator[0]: The discriminator type 'pattern' is deprecated in R5+. For future compatibility, you could consider using type=value with a pattern[x] instead (if this is not an inherited slicing)
INFORMATION: StructureDefinition/myObservation: StructureDefinition.snapshot.element[41].slicing.discriminator[0]: The discriminator type 'pattern' is deprecated in R5+. For future compatibility, you could consider using type=value with a pattern[x] instead (if this is not an inherited slicing)
== input/resources/questionnaire-example.json ==
WARNING: Questionnaire/example: Questionnaire.text.div: Hyperlink '#item.1.1' at 'div/div/table/tr/td/span/a' for '1.1' resolves to multiple targets ($/text/div/div/table/tr/td/@id)
== input/resources/valueset-fake.xml ==
== input/resources/valueset-no-codesystem.xml ==
WARNING: ValueSet/valueset-no-codesystem: ValueSet.compose.include[0].concept[0]: The code 'not-known-code' is not valid in the system http://not-a-known-code-system version 2.36 (not-known-code)
INFORMATION: ValueSet/valueset-no-codesystem: ValueSet.compose.include[0].concept[0]: A definition for CodeSystem 'http://not-a-known-code-system' version '2.36' could not be found, so the code cannot be validated. Valid versions: []
WARNING: ValueSet/valueset-no-codesystem: ValueSet.compose.include[0].concept[1]: The code 'not-known-code2' is not valid in the system http://not-a-known-code-system version 2.36 (not-known-code2)
WARNING: ValueSet.where(id = 'valueset-no-codesystem'): Error from http://tx.fhir.org/r4: Unable to provide support for code system http://not-a-known-code-system version 2.36
== input/resources/resources-spreadsheet.xml ==
ERROR: StructureDefinition.snapshot.element[12]: The slice definition for Patient.name has a minimum of 0 but the slices add up to a minimum of 1
