{
  "url" : "http://somewhere.org/fhir/uv/myig/ImplementationGuide/example.fhir.uv.myig",
  "name" : "YourComputableMyIGNameHere",
  "title" : "Your User Friendly Name for MyIG Here",
  "description" : "A brief description of what MyIG is about (probably the same text as in your readme)",
  "status" : "draft",
  "package-id" : "example.fhir.uv.myig",
  "ig-ver" : "0.2.0",
  "date" : "Sun, 12 May, 2024 07:09:00 +1000",
  "dateISO8601" : "2024-05-12T07:09:00+10:00",
  "errs" : 21,
  "warnings" : 19,
  "hints" : 3,
  "suppressed-hints" : 1,
  "suppressed-warnings" : 1,
  "version" : "4.0.1",
  "tool" : "5.0.0 (3)",
  "maxMemory" : 3491051984
}
