YourComputableMyIGNameHere : Validation Results
=========================================

err = 21, warn = 19, info = 3
$--
Generated $--. FHIR version $-- for example.fhir.uv.myig#$-- (canonical = http://somewhere.org/fhir/uv/myig)
 Build Errors : 1 / 4 / 0
 /Users/grahamegrieve/work/test-igs/example.fhir.uv.myig/input/examples/Binary-example : 0 / 0 / 1
 /Users/grahamegrieve/work/test-igs/example.fhir.uv.myig/input/examples/Binary-image-example : 0 / 0 / 1
 /Users/grahamegrieve/work/test-igs/example.fhir.uv.myig/input/examples/Library-example : 2 / 6 / 1
 /Users/grahamegrieve/work/test-igs/example.fhir.uv.myig/input/examples/Observation-example : 10 / 2 / 3
 /Users/grahamegrieve/work/test-igs/example.fhir.uv.myig/input/examples/Patient-example : 0 / 1 / 3
 /Users/grahamegrieve/work/test-igs/example.fhir.uv.myig/input/examples/binary-logical-example : 1 / 0 / 1
 /Users/grahamegrieve/work/test-igs/example.fhir.uv.myig/input/history/h1 : 0 / 1 / 2
 /Users/grahamegrieve/work/test-igs/example.fhir.uv.myig/input/myig : 4 / 1 / 1
 /Users/grahamegrieve/work/test-igs/example.fhir.uv.myig/input/resources/ActorDefinition-example : 1 / 0 / 1
 /Users/grahamegrieve/work/test-igs/example.fhir.uv.myig/input/resources/MyLogical : 1 / 0 / 1
 /Users/grahamegrieve/work/test-igs/example.fhir.uv.myig/input/resources/codesystem-fake : 0 / 1 / 1
 /Users/grahamegrieve/work/test-igs/example.fhir.uv.myig/input/resources/library-example-image : 0 / 0 / 1
 /Users/grahamegrieve/work/test-igs/example.fhir.uv.myig/input/resources/library-example-sql : 0 / 0 / 1
 /Users/grahamegrieve/work/test-igs/example.fhir.uv.myig/input/resources/myObservation : 0 / 4 / 1
 /Users/grahamegrieve/work/test-igs/example.fhir.uv.myig/input/resources/valueset-fake : 0 / 0 / 1
 /Users/grahamegrieve/work/test-igs/example.fhir.uv.myig/input/resources/valueset-no-codesystem : 0 / 2 / 1
 not relevant : 1 / 1 / 1
</table>

== n/a ==
ERROR: /Users/grahamegrieve/work/test-igs/example.fhir.uv.myig/input/cql/notincluded.cql: CQL source was not associated with a library resource in the IG.
WARNING: 1: The HTML fragment 'ip-statements.xhtml' is not included anywhere in the produced implementation guide
WARNING: 2: An HTML fragment from the set [cross-version-analysis.xhtml, cross-version-analysis-inline.xhtml] is not included anywhere in the produced implementation guide
WARNING: 3: An HTML fragment from the set [dependency-table.xhtml, dependency-table-short.xhtml] is not included anywhere in the produced implementation guide
WARNING: 4: The HTML fragment 'globals-table.xhtml' is not included anywhere in the produced implementation guide


== input/examples/Binary-example.json ==


== input/examples/Binary-image-example.jpg ==


== input/examples/Library-example.json ==
WARNING: /Users/grahamegrieve/work/test-igs/example.fhir.uv.myig/input/cql/example.cql: The function FHIRHelpers.ToString has multiple overloads and due to the SignatureLevel setting (None), the overload signature is not being included in the output. This may result in ambiguous function resolution at runtime, consider setting the SignatureLevel to Overloads or All to ensure that the output includes sufficient information to support correct overload selection at runtime.
WARNING: /Users/grahamegrieve/work/test-igs/example.fhir.uv.myig/input/cql/example.cql: The function FHIRHelpers.ToInterval has multiple overloads and due to the SignatureLevel setting (None), the overload signature is not being included in the output. This may result in ambiguous function resolution at runtime, consider setting the SignatureLevel to Overloads or All to ensure that the output includes sufficient information to support correct overload selection at runtime.
WARNING: /Users/grahamegrieve/work/test-igs/example.fhir.uv.myig/input/cql/example.cql: The function FHIRHelpers.ToDateTime has multiple overloads and due to the SignatureLevel setting (None), the overload signature is not being included in the output. This may result in ambiguous function resolution at runtime, consider setting the SignatureLevel to Overloads or All to ensure that the output includes sufficient information to support correct overload selection at runtime.
ERROR: Library/example: Library.relatedArtifact[6].resource: Canonical URLs must be absolute URLs if they are not fragment references (TBD)
ERROR: Library/example: Library.dataRequirement[4].codeFilter[0].valueSet: Canonical URLs must be absolute URLs if they are not fragment references (TBD)


== input/examples/Observation-example.xml ==
ERROR: Observation/example: Observation.code: As specified by profile http://somewhere.org/fhir/uv/myig/StructureDefinition/myObservation|0.2.0, Element 'code' is out of order (found after subject)
ERROR: Observation/example: Observation.code.coding[2].display: Wrong Display Name 'VS1' for http://somewhere.org/fhir/uv/myig/CodeSystem/cs-fake#01. Valid display is one of 2 choices: 'CS1' or 'CS2' (for the language(s) '--')
ERROR: Observation/example: Observation.code.coding[4].display: Wrong Display Name 'VS2' for http://somewhere.org/fhir/uv/myig/CodeSystem/cs-fake#01. Valid display is one of 2 choices: 'CS1' or 'CS2' (for the language(s) '--')
ERROR: Observation/example: Observation.code: None of the codings provided are in the value set 'ValueSet fake' (http://somewhere.org/fhir/uv/myig/ValueSet/valueset-fake|0.2.0), and a coding from this value set is required) (codes = http://somewhere.org/fhir/uv/myig/CodeSystem/cs-fake#01, http://somewhere.org/fhir/uv/myig/CodeSystem/cs-fake#01, http://somewhere.org/fhir/uv/myig/CodeSystem/cs-fake#01, http://loinc.org#85354-9, http://somewhere.org/fhir/uv/myig/CodeSystem/cs-fake#01)
WARNING: Observation/example: Observation: Best Practice Recommendation: In general, all observations should have a performer
WARNING: Observation/example: Observation: Best Practice Recommendation: In general, all observations should have an effective[x] ()
ERROR: Observation/example: Observation.code: As specified by profile http://hl7.org/fhir/StructureDefinition/bp|4.0.1, Element 'code' is out of order (found after subject)
ERROR: Observation/example: Observation: Observation.category: minimum required = 1, but only found 0 (from http://hl7.org/fhir/StructureDefinition/bp|4.0.1)
ERROR: Observation/example: Observation: Slice 'Observation.category:VSCat': a matching slice is required, but not found (from http://hl7.org/fhir/StructureDefinition/bp|4.0.1). Note that other slices are allowed in addition to this required slice
ERROR: Observation/example: Observation: Observation.effective[x]: minimum required = 1, but only found 0 (from http://hl7.org/fhir/StructureDefinition/bp|4.0.1)
INFORMATION: Observation/example: Observation.code: Reference to experimental CodeSystem http://somewhere.org/fhir/uv/myig/CodeSystem/cs-fake|0.2.0
ERROR: Observation/example: Observation.component[0].value.ofType(Quantity): Observation.component:SystolicBP.value[x].unit: minimum required = 1, but only found 0 (from http://hl7.org/fhir/StructureDefinition/bp|4.0.1)
ERROR: Observation/example: Observation.component[1].value.ofType(Quantity): Observation.component:DiastolicBP.value[x].unit: minimum required = 1, but only found 0 (from http://hl7.org/fhir/StructureDefinition/bp|4.0.1)


== input/examples/Patient-example.xml ==
INFORMATION: Patient/example: Patient.name[0]: This element does not match any known slice defined in the profile http://somewhere.org/fhir/uv/myig/StructureDefinition/mypatient|0.2.0 (this may not be a problem, but you should check that it's not intended to match a slice)
INFORMATION: Patient/example: Patient.name[1]: This element does not match any known slice defined in the profile http://somewhere.org/fhir/uv/myig/StructureDefinition/mypatient|0.2.0 (this may not be a problem, but you should check that it's not intended to match a slice)
WARNING: Patient/example: Patient.maritalStatus: No code provided, and a code should be provided from the value set 'MaritalStatus' (http://hl7.org/fhir/ValueSet/marital-status|4.0.1)


== input/examples/Binary-logical-example.xml ==
ERROR: Binary/logical-example: /?:MyLogical/?:element2: Text should not be present ('Text')


== input/history/h1.json ==
WARNING: Bundle/h1: Bundle.entry[0].resource/*Provenance/h1-1*/.reason[0]: No code provided, and a code should be provided from the value set 'PurposeOfUse' (http://terminology.hl7.org/ValueSet/v3-PurposeOfUse|3.0.0)


== input/myig.xml ==
WARNING: /Users/grahamegrieve/work/test-igs/example.fhir.uv.myig/input/myig: Unknown Parameters: [showsource=true]
ERROR: ImplementationGuide/example.fhir.uv.myig: ImplementationGuide.definition.extension[5].extension[0].value.ofType(string): The value provided ('showsource') was not found in the value set 'ig-parameters Codes ValueSet' (http://hl7.org/fhir/tools/ValueSet/ig-parameters|0.2.0), and a code is required from this value set  (error message = The System URI could not be determined for the code 'showsource' in the ValueSet 'http://hl7.org/fhir/tools/ValueSet/ig-parameters|0.2.0'; The provided code '#showsource' was not found in the value set 'http://hl7.org/fhir/tools/ValueSet/ig-parameters|0.2.0')
ERROR: ImplementationGuide/example.fhir.uv.myig: ImplementationGuide.definition.extension[40].extension[0].value.ofType(code): The value provided ('showsource') was not found in the value set 'ig-parameters Codes ValueSet' (http://hl7.org/fhir/tools/ValueSet/ig-parameters|0.2.0), and a code is required from this value set  (error message = The System URI could not be determined for the code 'showsource' in the ValueSet 'http://hl7.org/fhir/tools/ValueSet/ig-parameters|0.2.0'; The provided code '#showsource' was not found in the value set 'http://hl7.org/fhir/tools/ValueSet/ig-parameters|0.2.0')
ERROR: ImplementationGuide/example.fhir.uv.myig: ImplementationGuide.definition.page.page[2]: The extension http://hl7.org/fhir/StructureDefinition/structuredefinition-fmm is not allowed to be used at this point (allowed = e:DomainResource, e:Resource; this element is [ImplementationGuide.definition.page, ImplementationGuide.definition.page.page])
ERROR: ImplementationGuide/example.fhir.uv.myig: ImplementationGuide.definition.page.page[2].page[0]: The extension http://hl7.org/fhir/StructureDefinition/structuredefinition-fmm is not allowed to be used at this point (allowed = e:DomainResource, e:Resource; this element is [ImplementationGuide.definition.page, ImplementationGuide.definition.page.page, ImplementationGuide.definition.page.page.page])


== input/resources/ActorDefinition-example.json ==
ERROR: ActorDefinition/example: ActorDefinition.type: The value provided ('system') was not found in the value set 'Example Scenario Actor Type' (http://hl7.org/fhir/ValueSet/examplescenario-actor-type|5.0.0), and a code is required from this value set  (error message = The System URI could not be determined for the code 'system' in the ValueSet 'http://hl7.org/fhir/ValueSet/examplescenario-actor-type|5.0.0'; The provided code '#system' was not found in the value set 'http://hl7.org/fhir/ValueSet/examplescenario-actor-type|5.0.0')


== input/resources/MyLogical.xml ==
ERROR: StructureDefinition/MyLogical: StructureDefinition.snapshot: Constraint failed: sdf-3: 'Each element definition in a snapshot must have a formal definition and cardinalities'


== input/resources/codesystem-fake.xml ==
WARNING: CodeSystem/cs-fake: CodeSystem.concept[0].designation[0]: The designation 'CS2' has no use and no language, so is not differentiated from the base display ('CS1')


== input/resources/library-example-image.xml ==


== input/resources/library-example-sql.xml ==


== input/resources/myObservation.xml ==
WARNING: StructureDefinition/myObservation: StructureDefinition.identifier[0].type.coding[0].system: A definition for CodeSystem 'http://example.org/some-id-type-system' could not be found, so the code cannot be validated
WARNING: StructureDefinition/myObservation: StructureDefinition.identifier[1].type.coding[0]: A definition for CodeSystem 'http://example.org/some-id-type-system' could not be found, so the code cannot be validated
WARNING: StructureDefinition/myObservation: StructureDefinition.identifier[2].type.coding[0]: A definition for CodeSystem 'http://example.org/some-id-type-system' could not be found, so the code cannot be validated
WARNING: StructureDefinition/myObservation: StructureDefinition.identifier[3].type.coding[0]: A definition for CodeSystem 'http://example.org/some-id-type-system' could not be found, so the code cannot be validated


== input/resources/valueset-fake.xml ==


== input/resources/valueset-no-codesystem.xml ==
WARNING: ValueSet/valueset-no-codesystem: ValueSet.compose.include[0]: Unknown System/Version 'http://not-a-known-code-system#2.36' specified, so Concepts and Filters can't be checked (Details: A definition for CodeSystem 'http://not-a-known-code-system' version '2.36' could not be found, so the code cannot be validated. Valid versions: [])
WARNING: ValueSet.where(id = 'valueset-no-codesystem'): Error from http://tx-dev.fhir.org/r4: Unable to provide support for code system http://not-a-known-code-system version 2.36


== input/resources/resources-spreadsheet.xml ==
ERROR: StructureDefinition.snapshot.element[12]: The slice definition for Patient.name has a minimum of 0 but the slices add up to a minimum of 1


