url = http://fhir.org/templates/fhir.base.template
package-id = fhir.base.template
ig-ver = 0.8.1
