{
  "url" : "http://fhir.org/templates/fhir.base.template",
  "package-id" : "fhir.base.template",
  "ig-ver" : "0.7.0",
  "date" : "Sun, 12 May, 2024 07:02:36 +1000",
  "dateISO8601" : "2024-05-12T07:02:36+10:00",
  "version" : "5.0.0",
  "tool" : "5.0.0 (3)"
}
