HowToCreateIGs : Validation Results
=========================================

err = 1, warn = 0, info = 1
$--
Generated $--. FHIR version $-- for hl7.fhir.uv.howto#$-- (canonical = http://hl7.org/fhir/uv/howto)
 Build Errors : 5 / 0 / 0
 /Users/grahamegrieve/work/test-igs/hl7.fhir.uv.howto/input/howto : 1 / 0 / 2
</table>

== n/a ==
ERROR: /Users/grahamegrieve/work/test-igs/hl7.fhir.uv.howto/output/sql.html#/html/body/div/div/div/div/div/div/table/tr/td/a at Line 197, column 244: The link 'http://hl7.org/fhir/uv/howto' for "http://hl7.org/fhir/uv/howto" cannot be resolved
ERROR: /Users/grahamegrieve/work/test-igs/hl7.fhir.uv.howto/output/using-templates.html#/html/body/div/div/div/div/div/div/table/tbody/tr/td/p/a at Line 494, column 62: The link 'template.html#sharedContent' for "Shared Content" cannot be resolved (valid targets: [summary, shared, liquid-templates-for-narrative, segment-header, adding-an-icon-to-the-template, publish-box, bottom, segment-post-footer, append-a-css-to-change-the-background-color, extending-the-hl7-ig-templates, example, ig-status, top, changing-the-custom-template, liquid, shared-content, stripe, running-the-publisher, segment-footer, customize-a-template, segment-navbar, segment-content, segment-breadcrumb, setting-up-the-local-custom-template])
ERROR: /Users/grahamegrieve/work/test-igs/hl7.fhir.uv.howto/output/using-templates.html#/html/body/div/div/div/div/div/div/table/tbody/tr/td/p/a at Line 499, column 70: The link '#todo' for "here" cannot be resolved (valid targets: [authoring, handling-errors-and-warnings, resource-formats, publish-box, invoking, segment-post-footer, resource-fmt, directory, narrative-content, pages, top, the-implementation-guide, root, stripe, segment-footer, intros-and-usage-notes, segment-content, ig, using-the-ig-publisher, overview, segment-header, updatePub, bottom, warnings, directory-structure, -igroot, authoring-with-templates, root.input, -igroot-input, using-the-hl7-templates, -igroot-input-cache, page-files, ig-status, file-content, liquid, 2.2, intros, segment-navbar, narrative-fmt, segment-breadcrumb])
ERROR: /Users/grahamegrieve/work/test-igs/hl7.fhir.uv.howto/output/using-templates.html#/html/body/div/div/div/div/div/div/p/a at Line 634, column 6: The link 'template.html#todo' for "authoring templates." cannot be resolved (valid targets: [summary, shared, liquid-templates-for-narrative, segment-header, adding-an-icon-to-the-template, publish-box, bottom, segment-post-footer, append-a-css-to-change-the-background-color, extending-the-hl7-ig-templates, example, ig-status, top, changing-the-custom-template, liquid, shared-content, stripe, running-the-publisher, segment-footer, customize-a-template, segment-navbar, segment-content, segment-breadcrumb, setting-up-the-local-custom-template])
ERROR: /Users/grahamegrieve/work/test-igs/hl7.fhir.uv.howto/output/using-templates.html#/html/body/div/div/div/div/div/div/ul/li/p/a at Line 645, column 17: The link 'template.html#todo' for "templates section" cannot be resolved (valid targets: [summary, shared, liquid-templates-for-narrative, segment-header, adding-an-icon-to-the-template, publish-box, bottom, segment-post-footer, append-a-css-to-change-the-background-color, extending-the-hl7-ig-templates, example, ig-status, top, changing-the-custom-template, liquid, shared-content, stripe, running-the-publisher, segment-footer, customize-a-template, segment-navbar, segment-content, segment-breadcrumb, setting-up-the-local-custom-template])


== input/howto.xml ==
INFORMATION: ImplementationGuide/hl7.fhir.uv.howto: ImplementationGuide.jurisdiction[0]: Reference to deprecated ValueSet http://hl7.org/fhir/ValueSet/jurisdiction|5.0.0
ERROR: ImplementationGuide/hl7.fhir.uv.howto: ImplementationGuide: When HL7 is publishing a resource, the owning committee must be stated using the http://hl7.org/fhir/StructureDefinition/structuredefinition-wg extension


