{
  "url" : "http://fhir.org/templates/hl7.base.template",
  "package-id" : "hl7.base.template",
  "ig-ver" : "0.9.0",
  "date" : "Sun, 12 May, 2024 07:02:00 +1000",
  "dateISO8601" : "2024-05-12T07:02:00+10:00",
  "version" : "5.0.0",
  "tool" : "5.0.0 (3)"
}
