url = http://fhir.org/templates/hl7.fhir.template
package-id = hl7.fhir.template
ig-ver = 0.9.0
