url = http://fhir.org/templates/hl7.base.template
package-id = hl7.base.template
ig-ver = 0.10.1
