{
  "url" : "http://hl7.org/fhir/tools/ImplementationGuide/hl7.fhir.uv.tools",
  "name" : "FHIRToolExtensionsIG",
  "title" : "FHIR Tooling Extensions IG",
  "description" : "This IG defines the extensions that the tools use internally. Some of these extensions are content that are being evaluated for elevation into the main spec, and others are tooling concerns",
  "status" : "active",
  "package-id" : "hl7.fhir.uv.tools",
  "ig-ver" : "0.2.0-snapshot",
  "date" : "Sun, 12 May, 2024 07:01:08 +1000",
  "dateISO8601" : "2024-05-12T07:01:08+10:00",
  "errs" : 18,
  "warnings" : 3,
  "hints" : 104,
  "suppressed-hints" : 2,
  "suppressed-warnings" : 34,
  "version" : "5.0.0",
  "tool" : "5.0.0 (3)",
  "maxMemory" : 3819523088
}
