FHIRToolExtensionsIG : Validation Results
=========================================

err = 6, warn = 6, info = 1
$--
Generated $--. FHIR version $-- for hl7.fhir.uv.tools#$-- (canonical = http://hl7.org/fhir/tools)
 Build Errors : 0 / 1 / 0
 input/resources/StructureDefinition-TestCases : 5 / 1 / 2
 input/resources/StructureDefinition-xml-no-order : 0 / 1 / 2
 input/resources/binary-CDSHookServices : 0 / 0 / 1
 input/resources/codesystem-CDSActionType : 0 / 0 / 3
 input/resources/codesystem-CDSIndicator : 0 / 0 / 3
 input/resources/codesystem-CDSLinkType : 0 / 0 / 5
 input/resources/codesystem-CDSSelectionBehavior : 0 / 0 / 5
 input/resources/codesystem-additional-binding-purpose : 0 / 0 / 3
 input/resources/codesystem-binding-style : 0 / 0 / 3
 input/resources/codesystem-extension-style : 0 / 0 / 3
 input/resources/codesystem-id-expectation : 0 / 0 / 3
 input/resources/codesystem-ig-parameters : 0 / 0 / 5
 input/resources/codesystem-json-empty-behavior : 0 / 0 / 3
 input/resources/codesystem-matchetype-mode : 0 / 0 / 3
 input/resources/codesystem-r4-equivalence : 0 / 0 / 3
 input/resources/codesystem-snapshot-behavior : 0 / 0 / 3
 input/resources/codesystem-tx-issue-type : 0 / 0 / 3
 input/resources/codesystem-view-hint : 0 / 0 / 3
 input/resources/structuredefinition-CDSHookContext : 0 / 0 / 2
 input/resources/structuredefinition-CDSHookOrderSelectContext : 0 / 0 / 2
 input/resources/structuredefinition-CDSHookOrderSignContext : 0 / 0 / 2
 input/resources/structuredefinition-CDSHookPatientViewContext : 0 / 0 / 2
 input/resources/structuredefinition-CDSHooksElement : 0 / 0 / 2
 input/resources/structuredefinition-CDSHooksExtensions : 1 / 0 / 2
 input/resources/structuredefinition-CDSHooksRequest : 0 / 2 / 2
 input/resources/structuredefinition-CDSHooksResponse : 0 / 1 / 2
 input/resources/structuredefinition-CDSHooksServices : 0 / 0 / 2
 input/resources/structuredefinition-additional-binding : 0 / 1 / 2
 input/resources/structuredefinition-binding-definition : 0 / 1 / 2
 input/resources/structuredefinition-elementdefinition-binding-style : 0 / 1 / 2
 input/resources/structuredefinition-elementdefinition-date-format : 0 / 1 / 2
 input/resources/structuredefinition-elementdefinition-date-rules : 0 / 1 / 2
 input/resources/structuredefinition-extension-style : 0 / 1 / 2
 input/resources/structuredefinition-id-expectation : 0 / 0 / 2
 input/resources/structuredefinition-ig-actor-example-url : 0 / 1 / 2
 input/resources/structuredefinition-ig-example-actor : 0 / 1 / 2
 input/resources/structuredefinition-ig-internal-dependency : 0 / 1 / 2
 input/resources/structuredefinition-ig-link-dependency : 0 / 1 / 2
 input/resources/structuredefinition-ig-load-as-resource : 0 / 1 / 2
 input/resources/structuredefinition-ig-page-name : 0 / 1 / 2
 input/resources/structuredefinition-ig-parameter : 0 / 1 / 3
 input/resources/structuredefinition-ig-use-as-resource-id : 0 / 1 / 2
 input/resources/structuredefinition-igpublisher-bundle : 0 / 1 / 2
 input/resources/structuredefinition-implementationguide-dependency-comment : 0 / 0 / 2
 input/resources/structuredefinition-implementationguide-resource-format : 0 / 0 / 2
 input/resources/structuredefinition-implementationguide-resource-fragment : 0 / 1 / 2
 input/resources/structuredefinition-implementationguide-resource-logical : 0 / 0 / 2
 input/resources/structuredefinition-implementationguide-resource-uri : 0 / 1 / 2
 input/resources/structuredefinition-implied-string-prefix : 0 / 0 / 2
 input/resources/structuredefinition-inherit-obligations : 0 / 1 / 2
 input/resources/structuredefinition-json-empty-behavior : 0 / 0 / 2
 input/resources/structuredefinition-json-name : 0 / 1 / 2
 input/resources/structuredefinition-json-nullable : 0 / 0 / 2
 input/resources/structuredefinition-json-primitive-choice : 0 / 1 / 2
 input/resources/structuredefinition-json-property-key : 0 / 0 / 2
 input/resources/structuredefinition-json-suppress-resourcetype : 0 / 0 / 2
 input/resources/structuredefinition-logical-container : 0 / 1 / 2
 input/resources/structuredefinition-logical-target : 0 / 1 / 2
 input/resources/structuredefinition-matchetype : 0 / 1 / 2
 input/resources/structuredefinition-matchetype-count : 0 / 2 / 2
 input/resources/structuredefinition-matchetype-optional : 0 / 2 / 2
 input/resources/structuredefinition-matchetype-sort : 0 / 2 / 2
 input/resources/structuredefinition-no-binding : 0 / 1 / 2
 input/resources/structuredefinition-obligation-profile : 0 / 1 / 2
 input/resources/structuredefinition-package-scope : 0 / 1 / 2
 input/resources/structuredefinition-profile-mapping : 0 / 1 / 2
 input/resources/structuredefinition-resource-sort : 0 / 1 / 2
 input/resources/structuredefinition-searchparameter-base-type : 0 / 1 / 2
 input/resources/structuredefinition-select-by-map : 0 / 1 / 2
 input/resources/structuredefinition-snapshot-base-version : 0 / 0 / 2
 input/resources/structuredefinition-snapshot-behavior : 0 / 0 / 2
 input/resources/structuredefinition-type-parameter : 0 / 1 / 2
 input/resources/structuredefinition-type-specifier : 0 / 0 / 2
 input/resources/structuredefinition-valueset-expansion-param : 0 / 1 / 2
 input/resources/structuredefinition-view-hint : 0 / 1 / 2
 input/resources/structuredefinition-web-source : 0 / 1 / 2
 input/resources/structuredefinition-xml-choice-group : 0 / 1 / 2
 input/resources/structuredefinition-xml-name : 0 / 1 / 2
 input/resources/structuredefinition-xml-namespace : 0 / 1 / 2
 input/resources/valueset-CDSActionType : 0 / 0 / 2
 input/resources/valueset-CDSIndicator : 0 / 0 / 2
 input/resources/valueset-CDSLinkType : 0 / 0 / 2
 input/resources/valueset-CDSSelectionBehavior : 0 / 0 / 2
 input/resources/valueset-additional-binding-purpose : 0 / 0 / 2
 input/resources/valueset-binding-style : 0 / 0 / 2
 input/resources/valueset-extension-style : 0 / 0 / 2
 input/resources/valueset-id-expectation : 0 / 0 / 2
 input/resources/valueset-ig-parameters : 0 / 0 / 2
 input/resources/valueset-json-empty-behavior : 0 / 0 / 2
 input/resources/valueset-matchetype-mode : 0 / 0 / 2
 input/resources/valueset-select-by-map-filter : 0 / 0 / 2
 input/resources/valueset-snapshot-behavior : 0 / 0 / 2
 input/resources/valueset-view-hint : 0 / 0 / 2
 input/tools-ig : 0 / 0 / 2
</table>
== n/a ==
WARNING: The jira specification file appears to be out of date with the versions, artifacts and pages currently defined in the IG.  A proposed revised file to be reviewed and, if appropriate, submitted as a pull request against the XML folder in https://github.com/HL7/JIRA-Spec-Artifacts.  To see the differences, perform a file compare on 'template/jira-current.xml' (a normalized view of what is in Github) and 'template/jira-new.xml' (reflects current IG content)
== input/resources/StructureDefinition-TestCases.json ==
WARNING: StructureDefinition/TestCases: StructureDefinition.text.div: Hyperlink '#TestCases.suite.setup' at 'div/div/table/tr/td/a' for 'setup' resolves to multiple targets ($/differential/element/id, $/snapshot/element/id, $/text/div/div/table/tr/td/a/@name)
ERROR: StructureDefinition/TestCases: StructureDefinition.snapshot.element[0]: The element mustSupport is prohibited on the element TestCases in the context of a specialization
ERROR: StructureDefinition/TestCases: StructureDefinition.snapshot.element[1]: The element mustSupport is prohibited on the element TestCases.id in the context of a specialization
ERROR: StructureDefinition/TestCases: StructureDefinition.snapshot.element[2]: The element mustSupport is prohibited on the element TestCases.meta in the context of a specialization
ERROR: StructureDefinition/TestCases: StructureDefinition.snapshot.element[3]: The element mustSupport is prohibited on the element TestCases.implicitRules in the context of a specialization
ERROR: StructureDefinition/TestCases: StructureDefinition.snapshot.element[4]: The element mustSupport is prohibited on the element TestCases.language in the context of a specialization
== input/resources/StructureDefinition-xml-no-order.json ==
== input/resources/binary-CDSHookServices.json ==
== input/resources/codesystem-CDSActionType.xml ==
== input/resources/codesystem-CDSIndicator.xml ==
== input/resources/codesystem-CDSLinkType.xml ==
== input/resources/codesystem-CDSSelectionBehavior.xml ==
== input/resources/codesystem-additional-binding-purpose.xml ==
== input/resources/codesystem-binding-style.xml ==
== input/resources/codesystem-extension-style.xml ==
== input/resources/codesystem-id-expectation.xml ==
== input/resources/codesystem-ig-parameters.xml ==
INFORMATION: CodeSystem/ig-parameters: CodeSystem.extension[1]: The extension http://hl7.org/fhir/StructureDefinition/codesystem-use-markdown|5.2.0 is deprecated
== input/resources/codesystem-json-empty-behavior.xml ==
== input/resources/codesystem-matchetype-mode.xml ==
== input/resources/codesystem-r4-equivalence.xml ==
== input/resources/codesystem-snapshot-behavior.xml ==
== input/resources/codesystem-tx-issue-type.xml ==
== input/resources/codesystem-view-hint.xml ==
== input/resources/structuredefinition-CDSHookContext.json ==
== input/resources/structuredefinition-CDSHookOrderSelectContext.json ==
== input/resources/structuredefinition-CDSHookOrderSignContext.json ==
== input/resources/structuredefinition-CDSHookPatientViewContext.json ==
== input/resources/structuredefinition-CDSHooksElement.json ==
== input/resources/structuredefinition-CDSHooksExtensions.json ==
ERROR: StructureDefinition/CDSHooksExtensions: StructureDefinition.snapshot.element[2]: The element slicing is prohibited on the element CDSHooksExtensions.extension in the context of a specialization
== input/resources/structuredefinition-CDSHooksRequest.json ==
== input/resources/structuredefinition-CDSHooksResponse.json ==
WARNING: StructureDefinition/CDSHooksResponse: StructureDefinition.text.div: Hyperlink '#CDSHooksResponse.cards.suggestions.actions' at 'div/div/table/tr/td/a' for 'actions' resolves to multiple targets ($/differential/element/id, $/snapshot/element/id, $/text/div/div/table/tr/td/a/@name)
== input/resources/structuredefinition-CDSHooksServices.json ==
== input/resources/structuredefinition-additional-binding.xml ==
== input/resources/structuredefinition-binding-definition.xml ==
== input/resources/structuredefinition-elementdefinition-binding-style.xml ==
== input/resources/structuredefinition-elementdefinition-date-format.xml ==
== input/resources/structuredefinition-elementdefinition-date-rules.xml ==
== input/resources/structuredefinition-extension-style.xml ==
== input/resources/structuredefinition-id-expectation.xml ==
== input/resources/structuredefinition-ig-actor-example-url.xml ==
== input/resources/structuredefinition-ig-example-actor.xml ==
== input/resources/structuredefinition-ig-internal-dependency.xml ==
== input/resources/structuredefinition-ig-link-dependency.xml ==
== input/resources/structuredefinition-ig-load-as-resource.xml ==
== input/resources/structuredefinition-ig-page-name.xml ==
== input/resources/structuredefinition-ig-parameter.xml ==
== input/resources/structuredefinition-ig-use-as-resource-id.xml ==
== input/resources/structuredefinition-igpublisher-bundle.xml ==
== input/resources/structuredefinition-implementationguide-dependency-comment.xml ==
== input/resources/structuredefinition-implementationguide-resource-format.xml ==
== input/resources/structuredefinition-implementationguide-resource-fragment.xml ==
== input/resources/structuredefinition-implementationguide-resource-logical.xml ==
== input/resources/structuredefinition-implementationguide-resource-uri.xml ==
== input/resources/structuredefinition-implied-string-prefix.xml ==
== input/resources/structuredefinition-inherit-obligations.xml ==
== input/resources/structuredefinition-json-empty-behavior.xml ==
== input/resources/structuredefinition-json-name.xml ==
== input/resources/structuredefinition-json-nullable.xml ==
== input/resources/structuredefinition-json-primitive-choice.xml ==
== input/resources/structuredefinition-json-property-key.xml ==
== input/resources/structuredefinition-json-suppress-resourcetype.xml ==
== input/resources/structuredefinition-logical-container.xml ==
== input/resources/structuredefinition-logical-target.xml ==
== input/resources/structuredefinition-matchetype.xml ==
== input/resources/structuredefinition-matchetype-count.xml ==
WARNING: StructureDefinition/matchetype-count: StructureDefinition.context[0]: Review the extension type for matchetype-count: extensions should not have a context of Element unless it's really intended that they can be used anywhere
== input/resources/structuredefinition-matchetype-optional.xml ==
WARNING: StructureDefinition/matchetype-optional: StructureDefinition.context[0]: Review the extension type for matchetype-optional: extensions should not have a context of Element unless it's really intended that they can be used anywhere
== input/resources/structuredefinition-matchetype-sort.xml ==
WARNING: StructureDefinition/matchetype-sort: StructureDefinition.context[0]: Review the extension type for matchetype-sort: extensions should not have a context of Element unless it's really intended that they can be used anywhere
== input/resources/structuredefinition-no-binding.xml ==
== input/resources/structuredefinition-obligation-profile.xml ==
== input/resources/structuredefinition-package-scope.xml ==
== input/resources/structuredefinition-profile-mapping.xml ==
== input/resources/structuredefinition-resource-sort.xml ==
== input/resources/structuredefinition-searchparameter-base-type.xml ==
== input/resources/structuredefinition-select-by-map.xml ==
== input/resources/structuredefinition-snapshot-base-version.xml ==
== input/resources/structuredefinition-snapshot-behavior.xml ==
== input/resources/structuredefinition-type-parameter.xml ==
== input/resources/structuredefinition-type-specifier.xml ==
== input/resources/structuredefinition-valueset-expansion-param.xml ==
== input/resources/structuredefinition-view-hint.xml ==
== input/resources/structuredefinition-web-source.xml ==
== input/resources/structuredefinition-xml-choice-group.xml ==
== input/resources/structuredefinition-xml-name.xml ==
== input/resources/structuredefinition-xml-namespace.xml ==
== input/resources/valueset-CDSActionType.xml ==
== input/resources/valueset-CDSIndicator.xml ==
== input/resources/valueset-CDSLinkType.xml ==
== input/resources/valueset-CDSSelectionBehavior.xml ==
== input/resources/valueset-additional-binding-purpose.xml ==
== input/resources/valueset-binding-style.xml ==
== input/resources/valueset-extension-style.xml ==
== input/resources/valueset-id-expectation.xml ==
== input/resources/valueset-ig-parameters.xml ==
== input/resources/valueset-json-empty-behavior.xml ==
== input/resources/valueset-matchetype-mode.xml ==
== input/resources/valueset-select-by-map-filter.xml ==
== input/resources/valueset-snapshot-behavior.xml ==
== input/resources/valueset-view-hint.xml ==
== input/tools-ig.xml ==
