{
  "url" : "http://hl7.org/fhir/uv/ips/ImplementationGuide/ig-uv-ips",
  "name" : "InternationalPatientSummaryIG",
  "title" : "International Patient Summary Implementation Guide",
  "description" : "International Patient Summary (IPS) FHIR Implementation Guide",
  "status" : "active",
  "package-id" : "hl7.fhir.uv.ips",
  "ig-ver" : "1.1.0",
  "date" : "Sun, 12 May, 2024 06:42:34 +1000",
  "dateISO8601" : "2024-05-12T06:42:34+10:00",
  "errs" : 140,
  "warnings" : 63,
  "hints" : 67,
  "suppressed-hints" : 0,
  "suppressed-warnings" : 0,
  "version" : "4.0.1",
  "tool" : "5.0.0 (3)",
  "maxMemory" : 3618198824
}
