FHIRToolExtensionsIG : Validation Results
=========================================

err = 18, warn = 3, info = 104
$--
Generated $--. FHIR version $-- for hl7.fhir.uv.tools#$-- (canonical = http://hl7.org/fhir/tools)
 Build Errors : 0 / 1 / 0
 /Users/grahamegrieve/work/test-igs/hl7.fhir.uv.tools/input/resources/binary-CDSHookServices : 0 / 0 / 1
 /Users/grahamegrieve/work/test-igs/hl7.fhir.uv.tools/input/resources/codesystem-CDSActionType : 0 / 0 / 5
 /Users/grahamegrieve/work/test-igs/hl7.fhir.uv.tools/input/resources/codesystem-CDSIndicator : 0 / 0 / 5
 /Users/grahamegrieve/work/test-igs/hl7.fhir.uv.tools/input/resources/codesystem-CDSLinkType : 0 / 0 / 5
 /Users/grahamegrieve/work/test-igs/hl7.fhir.uv.tools/input/resources/codesystem-CDSSelectionBehavior : 0 / 0 / 5
 /Users/grahamegrieve/work/test-igs/hl7.fhir.uv.tools/input/resources/codesystem-additional-binding-purpose : 0 / 0 / 3
 /Users/grahamegrieve/work/test-igs/hl7.fhir.uv.tools/input/resources/codesystem-binding-style : 0 / 0 / 3
 /Users/grahamegrieve/work/test-igs/hl7.fhir.uv.tools/input/resources/codesystem-extension-style : 0 / 0 / 3
 /Users/grahamegrieve/work/test-igs/hl7.fhir.uv.tools/input/resources/codesystem-id-expectation : 0 / 0 / 3
 /Users/grahamegrieve/work/test-igs/hl7.fhir.uv.tools/input/resources/codesystem-ig-parameters : 0 / 0 / 7
 /Users/grahamegrieve/work/test-igs/hl7.fhir.uv.tools/input/resources/codesystem-json-empty-behavior : 0 / 0 / 5
 /Users/grahamegrieve/work/test-igs/hl7.fhir.uv.tools/input/resources/codesystem-obligation : 16 / 0 / 5
 /Users/grahamegrieve/work/test-igs/hl7.fhir.uv.tools/input/resources/codesystem-r4-equivalence : 0 / 0 / 3
 /Users/grahamegrieve/work/test-igs/hl7.fhir.uv.tools/input/resources/codesystem-tx-issue-type : 0 / 1 / 3
 /Users/grahamegrieve/work/test-igs/hl7.fhir.uv.tools/input/resources/structuredefinition-CDSHookContext : 0 / 0 / 2
 /Users/grahamegrieve/work/test-igs/hl7.fhir.uv.tools/input/resources/structuredefinition-CDSHookOrderSelectContext : 0 / 0 / 2
 /Users/grahamegrieve/work/test-igs/hl7.fhir.uv.tools/input/resources/structuredefinition-CDSHookOrderSignContext : 0 / 0 / 2
 /Users/grahamegrieve/work/test-igs/hl7.fhir.uv.tools/input/resources/structuredefinition-CDSHookPatientViewContext : 0 / 0 / 2
 /Users/grahamegrieve/work/test-igs/hl7.fhir.uv.tools/input/resources/structuredefinition-CDSHooksElement : 0 / 0 / 2
 /Users/grahamegrieve/work/test-igs/hl7.fhir.uv.tools/input/resources/structuredefinition-CDSHooksRequest : 0 / 2 / 2
 /Users/grahamegrieve/work/test-igs/hl7.fhir.uv.tools/input/resources/structuredefinition-CDSHooksResponse : 0 / 1 / 2
 /Users/grahamegrieve/work/test-igs/hl7.fhir.uv.tools/input/resources/structuredefinition-CDSHooksServices : 0 / 0 / 2
 /Users/grahamegrieve/work/test-igs/hl7.fhir.uv.tools/input/resources/structuredefinition-additional-binding : 0 / 1 / 2
 /Users/grahamegrieve/work/test-igs/hl7.fhir.uv.tools/input/resources/structuredefinition-binding-definition : 0 / 1 / 2
 /Users/grahamegrieve/work/test-igs/hl7.fhir.uv.tools/input/resources/structuredefinition-elementdefinition-binding-style : 0 / 1 / 2
 /Users/grahamegrieve/work/test-igs/hl7.fhir.uv.tools/input/resources/structuredefinition-elementdefinition-date-format : 0 / 1 / 2
 /Users/grahamegrieve/work/test-igs/hl7.fhir.uv.tools/input/resources/structuredefinition-elementdefinition-date-rules : 0 / 1 / 2
 /Users/grahamegrieve/work/test-igs/hl7.fhir.uv.tools/input/resources/structuredefinition-extension-style : 0 / 1 / 2
 /Users/grahamegrieve/work/test-igs/hl7.fhir.uv.tools/input/resources/structuredefinition-id-expectation : 0 / 0 / 2
 /Users/grahamegrieve/work/test-igs/hl7.fhir.uv.tools/input/resources/structuredefinition-ig-actor-example-url : 0 / 1 / 2
 /Users/grahamegrieve/work/test-igs/hl7.fhir.uv.tools/input/resources/structuredefinition-ig-example-actor : 2 / 1 / 2
 /Users/grahamegrieve/work/test-igs/hl7.fhir.uv.tools/input/resources/structuredefinition-ig-internal-dependency : 0 / 1 / 2
 /Users/grahamegrieve/work/test-igs/hl7.fhir.uv.tools/input/resources/structuredefinition-ig-link-dependency : 0 / 1 / 2
 /Users/grahamegrieve/work/test-igs/hl7.fhir.uv.tools/input/resources/structuredefinition-ig-page-name : 0 / 1 / 2
 /Users/grahamegrieve/work/test-igs/hl7.fhir.uv.tools/input/resources/structuredefinition-ig-parameter : 0 / 1 / 3
 /Users/grahamegrieve/work/test-igs/hl7.fhir.uv.tools/input/resources/structuredefinition-igpublisher-bundle : 0 / 1 / 2
 /Users/grahamegrieve/work/test-igs/hl7.fhir.uv.tools/input/resources/structuredefinition-implementationguide-dependency-comment : 0 / 0 / 2
 /Users/grahamegrieve/work/test-igs/hl7.fhir.uv.tools/input/resources/structuredefinition-implementationguide-resource-format : 0 / 0 / 2
 /Users/grahamegrieve/work/test-igs/hl7.fhir.uv.tools/input/resources/structuredefinition-implementationguide-resource-fragment : 0 / 1 / 2
 /Users/grahamegrieve/work/test-igs/hl7.fhir.uv.tools/input/resources/structuredefinition-implementationguide-resource-logical : 0 / 0 / 2
 /Users/grahamegrieve/work/test-igs/hl7.fhir.uv.tools/input/resources/structuredefinition-implementationguide-resource-uri : 0 / 1 / 2
 /Users/grahamegrieve/work/test-igs/hl7.fhir.uv.tools/input/resources/structuredefinition-implied-string-prefix : 0 / 0 / 2
 /Users/grahamegrieve/work/test-igs/hl7.fhir.uv.tools/input/resources/structuredefinition-inherit-obligations : 0 / 1 / 2
 /Users/grahamegrieve/work/test-igs/hl7.fhir.uv.tools/input/resources/structuredefinition-json-empty-behavior : 0 / 0 / 2
 /Users/grahamegrieve/work/test-igs/hl7.fhir.uv.tools/input/resources/structuredefinition-json-name : 0 / 1 / 2
 /Users/grahamegrieve/work/test-igs/hl7.fhir.uv.tools/input/resources/structuredefinition-json-nullable : 0 / 0 / 2
 /Users/grahamegrieve/work/test-igs/hl7.fhir.uv.tools/input/resources/structuredefinition-json-primitive-choice : 0 / 1 / 2
 /Users/grahamegrieve/work/test-igs/hl7.fhir.uv.tools/input/resources/structuredefinition-json-property-key : 0 / 0 / 2
 /Users/grahamegrieve/work/test-igs/hl7.fhir.uv.tools/input/resources/structuredefinition-logical-container : 0 / 1 / 2
 /Users/grahamegrieve/work/test-igs/hl7.fhir.uv.tools/input/resources/structuredefinition-logical-target : 0 / 1 / 2
 /Users/grahamegrieve/work/test-igs/hl7.fhir.uv.tools/input/resources/structuredefinition-no-binding : 0 / 1 / 2
 /Users/grahamegrieve/work/test-igs/hl7.fhir.uv.tools/input/resources/structuredefinition-obligation : 0 / 0 / 2
 /Users/grahamegrieve/work/test-igs/hl7.fhir.uv.tools/input/resources/structuredefinition-obligation-profile : 0 / 1 / 2
 /Users/grahamegrieve/work/test-igs/hl7.fhir.uv.tools/input/resources/structuredefinition-package-scope : 0 / 1 / 2
 /Users/grahamegrieve/work/test-igs/hl7.fhir.uv.tools/input/resources/structuredefinition-profile-mapping : 0 / 1 / 2
 /Users/grahamegrieve/work/test-igs/hl7.fhir.uv.tools/input/resources/structuredefinition-resource-sort : 0 / 1 / 2
 /Users/grahamegrieve/work/test-igs/hl7.fhir.uv.tools/input/resources/structuredefinition-searchparameter-base-type : 0 / 1 / 2
 /Users/grahamegrieve/work/test-igs/hl7.fhir.uv.tools/input/resources/structuredefinition-select-by-map : 0 / 1 / 2
 /Users/grahamegrieve/work/test-igs/hl7.fhir.uv.tools/input/resources/structuredefinition-type-specifier : 0 / 0 / 2
 /Users/grahamegrieve/work/test-igs/hl7.fhir.uv.tools/input/resources/structuredefinition-valueset-expansion-param : 0 / 1 / 2
 /Users/grahamegrieve/work/test-igs/hl7.fhir.uv.tools/input/resources/structuredefinition-web-source : 0 / 1 / 2
 /Users/grahamegrieve/work/test-igs/hl7.fhir.uv.tools/input/resources/structuredefinition-xml-choice-group : 0 / 1 / 2
 /Users/grahamegrieve/work/test-igs/hl7.fhir.uv.tools/input/resources/structuredefinition-xml-name : 0 / 1 / 2
 /Users/grahamegrieve/work/test-igs/hl7.fhir.uv.tools/input/resources/structuredefinition-xml-namespace : 0 / 1 / 2
 /Users/grahamegrieve/work/test-igs/hl7.fhir.uv.tools/input/resources/valueset-CDSActionType : 0 / 0 / 2
 /Users/grahamegrieve/work/test-igs/hl7.fhir.uv.tools/input/resources/valueset-CDSIndicator : 0 / 0 / 2
 /Users/grahamegrieve/work/test-igs/hl7.fhir.uv.tools/input/resources/valueset-CDSLinkType : 0 / 0 / 2
 /Users/grahamegrieve/work/test-igs/hl7.fhir.uv.tools/input/resources/valueset-CDSSelectionBehavior : 0 / 0 / 2
 /Users/grahamegrieve/work/test-igs/hl7.fhir.uv.tools/input/resources/valueset-additional-binding-purpose : 0 / 0 / 2
 /Users/grahamegrieve/work/test-igs/hl7.fhir.uv.tools/input/resources/valueset-binding-style : 0 / 0 / 2
 /Users/grahamegrieve/work/test-igs/hl7.fhir.uv.tools/input/resources/valueset-extension-style : 0 / 0 / 2
 /Users/grahamegrieve/work/test-igs/hl7.fhir.uv.tools/input/resources/valueset-id-expectation : 0 / 0 / 2
 /Users/grahamegrieve/work/test-igs/hl7.fhir.uv.tools/input/resources/valueset-ig-parameters : 0 / 0 / 2
 /Users/grahamegrieve/work/test-igs/hl7.fhir.uv.tools/input/resources/valueset-json-empty-behavior : 0 / 0 / 2
 /Users/grahamegrieve/work/test-igs/hl7.fhir.uv.tools/input/resources/valueset-obligation : 0 / 0 / 2
 /Users/grahamegrieve/work/test-igs/hl7.fhir.uv.tools/input/resources/valueset-select-by-map-filter : 0 / 0 / 2
 /Users/grahamegrieve/work/test-igs/hl7.fhir.uv.tools/input/tools-ig : 0 / 0 / 2
</table>

== n/a ==
WARNING: The jira specification file appears to be out of date with the versions, artifacts and pages currently defined in the IG.  A proposed revised file to be reviewed and, if appropriate, submitted as a pull request against the XML folder in https://github.com/HL7/JIRA-Spec-Artifacts.  To see the differences, perform a file compare on 'template/jira-current.xml' (a normalized view of what is in Github) and 'template/jira-new.xml' (reflects current IG content)


== input/resources/binary-CDSHookServices.json ==


== input/resources/codesystem-CDSActionType.xml ==
INFORMATION: CodeSystem/CDSActionType: CodeSystem.jurisdiction[0]: Reference to deprecated ValueSet http://hl7.org/fhir/ValueSet/jurisdiction|5.0.0
INFORMATION: CodeSystem/CDSActionType: CodeSystem: Most code systems defined in HL7 IGs will need to move to THO later during the process. Consider giving this code system a THO URL now (See https://confluence.hl7.org/display/TSMG/Terminology+Play+Book, and/or talk to TSMG)
INFORMATION: CodeSystem/CDSActionType: CodeSystem.property[0]: This property has only a code ('should-shall') and not a URI, so it has no clearly defined meaning in the terminology ecosystem
INFORMATION: CodeSystem/CDSActionType: CodeSystem.property[1]: This property has only a code ('expression') and not a URI, so it has no clearly defined meaning in the terminology ecosystem


== input/resources/codesystem-CDSIndicator.xml ==
INFORMATION: CodeSystem/CDSIndicator: CodeSystem.jurisdiction[0]: Reference to deprecated ValueSet http://hl7.org/fhir/ValueSet/jurisdiction|5.0.0
INFORMATION: CodeSystem/CDSIndicator: CodeSystem: Most code systems defined in HL7 IGs will need to move to THO later during the process. Consider giving this code system a THO URL now (See https://confluence.hl7.org/display/TSMG/Terminology+Play+Book, and/or talk to TSMG)
INFORMATION: CodeSystem/CDSIndicator: CodeSystem.property[0]: This property has only a code ('should-shall') and not a URI, so it has no clearly defined meaning in the terminology ecosystem
INFORMATION: CodeSystem/CDSIndicator: CodeSystem.property[1]: This property has only a code ('expression') and not a URI, so it has no clearly defined meaning in the terminology ecosystem


== input/resources/codesystem-CDSLinkType.xml ==
INFORMATION: CodeSystem/CDSLinkType: CodeSystem.jurisdiction[0]: Reference to deprecated ValueSet http://hl7.org/fhir/ValueSet/jurisdiction|5.0.0
INFORMATION: CodeSystem/CDSLinkType: CodeSystem: Most code systems defined in HL7 IGs will need to move to THO later during the process. Consider giving this code system a THO URL now (See https://confluence.hl7.org/display/TSMG/Terminology+Play+Book, and/or talk to TSMG)
INFORMATION: CodeSystem/CDSLinkType: CodeSystem.property[0]: This property has only a code ('should-shall') and not a URI, so it has no clearly defined meaning in the terminology ecosystem
INFORMATION: CodeSystem/CDSLinkType: CodeSystem.property[1]: This property has only a code ('expression') and not a URI, so it has no clearly defined meaning in the terminology ecosystem


== input/resources/codesystem-CDSSelectionBehavior.xml ==
INFORMATION: CodeSystem/CDSSelectionBehavior: CodeSystem.jurisdiction[0]: Reference to deprecated ValueSet http://hl7.org/fhir/ValueSet/jurisdiction|5.0.0
INFORMATION: CodeSystem/CDSSelectionBehavior: CodeSystem: Most code systems defined in HL7 IGs will need to move to THO later during the process. Consider giving this code system a THO URL now (See https://confluence.hl7.org/display/TSMG/Terminology+Play+Book, and/or talk to TSMG)
INFORMATION: CodeSystem/CDSSelectionBehavior: CodeSystem.property[0]: This property has only a code ('should-shall') and not a URI, so it has no clearly defined meaning in the terminology ecosystem
INFORMATION: CodeSystem/CDSSelectionBehavior: CodeSystem.property[1]: This property has only a code ('expression') and not a URI, so it has no clearly defined meaning in the terminology ecosystem


== input/resources/codesystem-additional-binding-purpose.xml ==
INFORMATION: CodeSystem/additional-binding-purpose: CodeSystem.jurisdiction[0]: Reference to deprecated ValueSet http://hl7.org/fhir/ValueSet/jurisdiction|5.0.0
INFORMATION: CodeSystem/additional-binding-purpose: CodeSystem: Most code systems defined in HL7 IGs will need to move to THO later during the process. Consider giving this code system a THO URL now (See https://confluence.hl7.org/display/TSMG/Terminology+Play+Book, and/or talk to TSMG)


== input/resources/codesystem-binding-style.xml ==
INFORMATION: CodeSystem/binding-style: CodeSystem.jurisdiction[0]: Reference to deprecated ValueSet http://hl7.org/fhir/ValueSet/jurisdiction|5.0.0
INFORMATION: CodeSystem/binding-style: CodeSystem: Most code systems defined in HL7 IGs will need to move to THO later during the process. Consider giving this code system a THO URL now (See https://confluence.hl7.org/display/TSMG/Terminology+Play+Book, and/or talk to TSMG)


== input/resources/codesystem-extension-style.xml ==
INFORMATION: CodeSystem/extension-style: CodeSystem.jurisdiction[0]: Reference to deprecated ValueSet http://hl7.org/fhir/ValueSet/jurisdiction|5.0.0
INFORMATION: CodeSystem/extension-style: CodeSystem: Most code systems defined in HL7 IGs will need to move to THO later during the process. Consider giving this code system a THO URL now (See https://confluence.hl7.org/display/TSMG/Terminology+Play+Book, and/or talk to TSMG)


== input/resources/codesystem-id-expectation.xml ==
INFORMATION: CodeSystem/id-expectation: CodeSystem.jurisdiction[0]: Reference to deprecated ValueSet http://hl7.org/fhir/ValueSet/jurisdiction|5.0.0
INFORMATION: CodeSystem/id-expectation: CodeSystem: Most code systems defined in HL7 IGs will need to move to THO later during the process. Consider giving this code system a THO URL now (See https://confluence.hl7.org/display/TSMG/Terminology+Play+Book, and/or talk to TSMG)


== input/resources/codesystem-ig-parameters.xml ==
INFORMATION: CodeSystem/ig-parameters: CodeSystem.jurisdiction[0]: Reference to deprecated ValueSet http://hl7.org/fhir/ValueSet/jurisdiction|5.0.0
INFORMATION: CodeSystem/ig-parameters: CodeSystem: Most code systems defined in HL7 IGs will need to move to THO later during the process. Consider giving this code system a THO URL now (See https://confluence.hl7.org/display/TSMG/Terminology+Play+Book, and/or talk to TSMG)
INFORMATION: CodeSystem/ig-parameters: CodeSystem.property[0]: This property has only a code ('repeats') and not a URI, so it has no clearly defined meaning in the terminology ecosystem
INFORMATION: CodeSystem/ig-parameters: CodeSystem.property[1]: This property has only a code ('string-format') and not a URI, so it has no clearly defined meaning in the terminology ecosystem
INFORMATION: CodeSystem/ig-parameters: CodeSystem.property[2]: This property has only a code ('missing') and not a URI, so it has no clearly defined meaning in the terminology ecosystem


== input/resources/codesystem-json-empty-behavior.xml ==
INFORMATION: CodeSystem/json-empty-behavior: CodeSystem.jurisdiction[0]: Reference to deprecated ValueSet http://hl7.org/fhir/ValueSet/jurisdiction|5.0.0
INFORMATION: CodeSystem/json-empty-behavior: CodeSystem: Most code systems defined in HL7 IGs will need to move to THO later during the process. Consider giving this code system a THO URL now (See https://confluence.hl7.org/display/TSMG/Terminology+Play+Book, and/or talk to TSMG)
INFORMATION: CodeSystem/json-empty-behavior: CodeSystem.property[0]: This property has only a code ('should-shall') and not a URI, so it has no clearly defined meaning in the terminology ecosystem
INFORMATION: CodeSystem/json-empty-behavior: CodeSystem.property[1]: This property has only a code ('expression') and not a URI, so it has no clearly defined meaning in the terminology ecosystem


== input/resources/codesystem-obligation.xml ==
INFORMATION: CodeSystem/obligation: CodeSystem.jurisdiction[0]: Reference to deprecated ValueSet http://hl7.org/fhir/ValueSet/jurisdiction|5.0.0
INFORMATION: CodeSystem/obligation: CodeSystem: Most code systems defined in HL7 IGs will need to move to THO later during the process. Consider giving this code system a THO URL now (See https://confluence.hl7.org/display/TSMG/Terminology+Play+Book, and/or talk to TSMG)
INFORMATION: CodeSystem/obligation: CodeSystem.property[0]: This property has only a code ('shall-should') and not a URI, so it has no clearly defined meaning in the terminology ecosystem
INFORMATION: CodeSystem/obligation: CodeSystem.property[1]: This property has only a code ('expression') and not a URI, so it has no clearly defined meaning in the terminology ecosystem
ERROR: CodeSystem/obligation: CodeSystem.concept[4].concept[0].property[0]: The property 'combination' has no definition in CodeSystem.property. Many terminology tools won't know what to do with it
ERROR: CodeSystem/obligation: CodeSystem.concept[4].concept[1].property[0]: The property 'component' has no definition in CodeSystem.property. Many terminology tools won't know what to do with it
ERROR: CodeSystem/obligation: CodeSystem.concept[4].concept[2].property[0]: The property 'component' has no definition in CodeSystem.property. Many terminology tools won't know what to do with it
ERROR: CodeSystem/obligation: CodeSystem.concept[4].concept[2].property[1]: The property 'component' has no definition in CodeSystem.property. Many terminology tools won't know what to do with it
ERROR: CodeSystem/obligation: CodeSystem.concept[4].concept[2].property[2]: The property 'component' has no definition in CodeSystem.property. Many terminology tools won't know what to do with it
ERROR: CodeSystem/obligation: CodeSystem.concept[4].concept[2].property[3]: The property 'component' has no definition in CodeSystem.property. Many terminology tools won't know what to do with it
ERROR: CodeSystem/obligation: CodeSystem.concept[4].concept[2].property[4]: The property 'component' has no definition in CodeSystem.property. Many terminology tools won't know what to do with it
ERROR: CodeSystem/obligation: CodeSystem.concept[4].concept[2].property[5]: The property 'component' has no definition in CodeSystem.property. Many terminology tools won't know what to do with it
ERROR: CodeSystem/obligation: CodeSystem.concept[4].concept[2].property[6]: The property 'component' has no definition in CodeSystem.property. Many terminology tools won't know what to do with it
ERROR: CodeSystem/obligation: CodeSystem.concept[4].concept[3].property[0]: The property 'component' has no definition in CodeSystem.property. Many terminology tools won't know what to do with it
ERROR: CodeSystem/obligation: CodeSystem.concept[4].concept[3].property[1]: The property 'component' has no definition in CodeSystem.property. Many terminology tools won't know what to do with it
ERROR: CodeSystem/obligation: CodeSystem.concept[4].concept[3].property[2]: The property 'component' has no definition in CodeSystem.property. Many terminology tools won't know what to do with it
ERROR: CodeSystem/obligation: CodeSystem.concept[4].concept[4].property[0]: The property 'component' has no definition in CodeSystem.property. Many terminology tools won't know what to do with it
ERROR: CodeSystem/obligation: CodeSystem.concept[4].concept[4].property[1]: The property 'component' has no definition in CodeSystem.property. Many terminology tools won't know what to do with it
ERROR: CodeSystem/obligation: CodeSystem.concept[4].concept[4].property[2]: The property 'component' has no definition in CodeSystem.property. Many terminology tools won't know what to do with it
ERROR: CodeSystem/obligation: CodeSystem.concept[4].concept[4].property[3]: The property 'component' has no definition in CodeSystem.property. Many terminology tools won't know what to do with it


== input/resources/codesystem-r4-equivalence.xml ==
INFORMATION: CodeSystem/r4-equivalence: CodeSystem.jurisdiction[0]: Reference to deprecated ValueSet http://hl7.org/fhir/ValueSet/jurisdiction|5.0.0
INFORMATION: CodeSystem/r4-equivalence: CodeSystem: Most code systems defined in HL7 IGs will need to move to THO later during the process. Consider giving this code system a THO URL now (See https://confluence.hl7.org/display/TSMG/Terminology+Play+Book, and/or talk to TSMG)


== input/resources/codesystem-tx-issue-type.xml ==
INFORMATION: CodeSystem/tx-issue-type: CodeSystem.jurisdiction[0]: Reference to deprecated ValueSet http://hl7.org/fhir/ValueSet/jurisdiction|5.0.0
WARNING: CodeSystem/tx-issue-type: CodeSystem: Constraint failed: cnl-0: 'Name should be usable as an identifier for the module by machine processing applications such as code generation' (defined in http://hl7.org/fhir/StructureDefinition/CodeSystem)
INFORMATION: CodeSystem/tx-issue-type: CodeSystem: Most code systems defined in HL7 IGs will need to move to THO later during the process. Consider giving this code system a THO URL now (See https://confluence.hl7.org/display/TSMG/Terminology+Play+Book, and/or talk to TSMG)


== input/resources/structuredefinition-CDSHookContext.json ==
INFORMATION: StructureDefinition/CDSHookContext: StructureDefinition.jurisdiction[0]: Reference to deprecated ValueSet http://hl7.org/fhir/ValueSet/jurisdiction|5.0.0


== input/resources/structuredefinition-CDSHookOrderSelectContext.json ==
INFORMATION: StructureDefinition/CDSHookOrderSelectContext: StructureDefinition.jurisdiction[0]: Reference to deprecated ValueSet http://hl7.org/fhir/ValueSet/jurisdiction|5.0.0


== input/resources/structuredefinition-CDSHookOrderSignContext.json ==
INFORMATION: StructureDefinition/CDSHookOrderSignContext: StructureDefinition.jurisdiction[0]: Reference to deprecated ValueSet http://hl7.org/fhir/ValueSet/jurisdiction|5.0.0


== input/resources/structuredefinition-CDSHookPatientViewContext.json ==
INFORMATION: StructureDefinition/CDSHookPatientViewContext: StructureDefinition.jurisdiction[0]: Reference to deprecated ValueSet http://hl7.org/fhir/ValueSet/jurisdiction|5.0.0


== input/resources/structuredefinition-CDSHooksElement.json ==
INFORMATION: StructureDefinition/CDSHooksElement: StructureDefinition.jurisdiction[0]: Reference to deprecated ValueSet http://hl7.org/fhir/ValueSet/jurisdiction|5.0.0


== input/resources/structuredefinition-CDSHooksRequest.json ==
INFORMATION: StructureDefinition/CDSHooksRequest: StructureDefinition.jurisdiction[0]: Reference to deprecated ValueSet http://hl7.org/fhir/ValueSet/jurisdiction|5.0.0


== input/resources/structuredefinition-CDSHooksResponse.json ==
WARNING: StructureDefinition/CDSHooksResponse: StructureDefinition.text.div: Hyperlink '#CDSHooksResponse.cards.suggestions.actions' at 'div/div/table/tr/td/a' for 'actions' resolves to multiple targets ($/differential/element/id, $/snapshot/element/id, $/text/div/div/table/tr/td/a/@name)
INFORMATION: StructureDefinition/CDSHooksResponse: StructureDefinition.jurisdiction[0]: Reference to deprecated ValueSet http://hl7.org/fhir/ValueSet/jurisdiction|5.0.0


== input/resources/structuredefinition-CDSHooksServices.json ==
INFORMATION: StructureDefinition/CDSHooksServices: StructureDefinition.jurisdiction[0]: Reference to deprecated ValueSet http://hl7.org/fhir/ValueSet/jurisdiction|5.0.0


== input/resources/structuredefinition-additional-binding.xml ==
INFORMATION: StructureDefinition/additional-binding: StructureDefinition.jurisdiction[0]: Reference to deprecated ValueSet http://hl7.org/fhir/ValueSet/jurisdiction|5.0.0


== input/resources/structuredefinition-binding-definition.xml ==
INFORMATION: StructureDefinition/binding-definition: StructureDefinition.jurisdiction[0]: Reference to deprecated ValueSet http://hl7.org/fhir/ValueSet/jurisdiction|5.0.0


== input/resources/structuredefinition-elementdefinition-binding-style.xml ==
INFORMATION: StructureDefinition/elementdefinition-binding-style: StructureDefinition.jurisdiction[0]: Reference to deprecated ValueSet http://hl7.org/fhir/ValueSet/jurisdiction|5.0.0


== input/resources/structuredefinition-elementdefinition-date-format.xml ==
INFORMATION: StructureDefinition/elementdefinition-date-format: StructureDefinition.jurisdiction[0]: Reference to deprecated ValueSet http://hl7.org/fhir/ValueSet/jurisdiction|5.0.0


== input/resources/structuredefinition-elementdefinition-date-rules.xml ==
INFORMATION: StructureDefinition/elementdefinition-date-rules: StructureDefinition.jurisdiction[0]: Reference to deprecated ValueSet http://hl7.org/fhir/ValueSet/jurisdiction|5.0.0


== input/resources/structuredefinition-extension-style.xml ==
INFORMATION: StructureDefinition/extension-style: StructureDefinition.jurisdiction[0]: Reference to deprecated ValueSet http://hl7.org/fhir/ValueSet/jurisdiction|5.0.0


== input/resources/structuredefinition-id-expectation.xml ==
INFORMATION: StructureDefinition/id-expectation: StructureDefinition.jurisdiction[0]: Reference to deprecated ValueSet http://hl7.org/fhir/ValueSet/jurisdiction|5.0.0


== input/resources/structuredefinition-ig-actor-example-url.xml ==
INFORMATION: StructureDefinition/ig-actor-example-url: StructureDefinition.jurisdiction[0]: Reference to deprecated ValueSet http://hl7.org/fhir/ValueSet/jurisdiction|5.0.0


== input/resources/structuredefinition-ig-example-actor.xml ==
INFORMATION: StructureDefinition/ig-example-actor: StructureDefinition.jurisdiction[0]: Reference to deprecated ValueSet http://hl7.org/fhir/ValueSet/jurisdiction|5.0.0
ERROR: StructureDefinition/ig-example-actor: StructureDefinition.snapshot.element[4].type[0].targetProfile[0]: Canonical URLs must be absolute URLs if they are not fragment references (ActorDefinition)
ERROR: StructureDefinition/ig-example-actor: StructureDefinition.differential.element[3].type[0].targetProfile[0]: Canonical URLs must be absolute URLs if they are not fragment references (ActorDefinition)


== input/resources/structuredefinition-ig-internal-dependency.xml ==
INFORMATION: StructureDefinition/ig-internal-dependency: StructureDefinition.jurisdiction[0]: Reference to deprecated ValueSet http://hl7.org/fhir/ValueSet/jurisdiction|5.0.0


== input/resources/structuredefinition-ig-link-dependency.xml ==
INFORMATION: StructureDefinition/ig-link-dependency: StructureDefinition.jurisdiction[0]: Reference to deprecated ValueSet http://hl7.org/fhir/ValueSet/jurisdiction|5.0.0


== input/resources/structuredefinition-ig-page-name.xml ==
INFORMATION: StructureDefinition/ig-page-name: StructureDefinition.jurisdiction[0]: Reference to deprecated ValueSet http://hl7.org/fhir/ValueSet/jurisdiction|5.0.0


== input/resources/structuredefinition-ig-parameter.xml ==
INFORMATION: StructureDefinition/ig-parameter: StructureDefinition.jurisdiction[0]: Reference to deprecated ValueSet http://hl7.org/fhir/ValueSet/jurisdiction|5.0.0


== input/resources/structuredefinition-igpublisher-bundle.xml ==
INFORMATION: StructureDefinition/igpublisher-bundle: StructureDefinition.jurisdiction[0]: Reference to deprecated ValueSet http://hl7.org/fhir/ValueSet/jurisdiction|5.0.0


== input/resources/structuredefinition-implementationguide-dependency-comment.xml ==
INFORMATION: StructureDefinition/implementationguide-dependency-comment: StructureDefinition.jurisdiction[0]: Reference to deprecated ValueSet http://hl7.org/fhir/ValueSet/jurisdiction|5.0.0


== input/resources/structuredefinition-implementationguide-resource-format.xml ==
INFORMATION: StructureDefinition/implementationguide-resource-format: StructureDefinition.jurisdiction[0]: Reference to deprecated ValueSet http://hl7.org/fhir/ValueSet/jurisdiction|5.0.0


== input/resources/structuredefinition-implementationguide-resource-fragment.xml ==
INFORMATION: StructureDefinition/implementationguide-resource-fragment: StructureDefinition.jurisdiction[0]: Reference to deprecated ValueSet http://hl7.org/fhir/ValueSet/jurisdiction|5.0.0


== input/resources/structuredefinition-implementationguide-resource-logical.xml ==
INFORMATION: StructureDefinition/implementationguide-resource-logical: StructureDefinition.jurisdiction[0]: Reference to deprecated ValueSet http://hl7.org/fhir/ValueSet/jurisdiction|5.0.0


== input/resources/structuredefinition-implementationguide-resource-uri.xml ==
INFORMATION: StructureDefinition/implementationguide-resource-uri: StructureDefinition.jurisdiction[0]: Reference to deprecated ValueSet http://hl7.org/fhir/ValueSet/jurisdiction|5.0.0


== input/resources/structuredefinition-implied-string-prefix.xml ==
INFORMATION: StructureDefinition/implied-string-prefix: StructureDefinition.jurisdiction[0]: Reference to deprecated ValueSet http://hl7.org/fhir/ValueSet/jurisdiction|5.0.0


== input/resources/structuredefinition-inherit-obligations.xml ==
INFORMATION: StructureDefinition/inherit-obligations: StructureDefinition.jurisdiction[0]: Reference to deprecated ValueSet http://hl7.org/fhir/ValueSet/jurisdiction|5.0.0


== input/resources/structuredefinition-json-empty-behavior.xml ==
INFORMATION: StructureDefinition/json-empty-behavior: StructureDefinition.jurisdiction[0]: Reference to deprecated ValueSet http://hl7.org/fhir/ValueSet/jurisdiction|5.0.0


== input/resources/structuredefinition-json-name.xml ==
INFORMATION: StructureDefinition/json-name: StructureDefinition.jurisdiction[0]: Reference to deprecated ValueSet http://hl7.org/fhir/ValueSet/jurisdiction|5.0.0


== input/resources/structuredefinition-json-nullable.xml ==
INFORMATION: StructureDefinition/json-nullable: StructureDefinition.jurisdiction[0]: Reference to deprecated ValueSet http://hl7.org/fhir/ValueSet/jurisdiction|5.0.0


== input/resources/structuredefinition-json-primitive-choice.xml ==
INFORMATION: StructureDefinition/json-primitive-choice: StructureDefinition.jurisdiction[0]: Reference to deprecated ValueSet http://hl7.org/fhir/ValueSet/jurisdiction|5.0.0


== input/resources/structuredefinition-json-property-key.xml ==
INFORMATION: StructureDefinition/json-property-key: StructureDefinition.jurisdiction[0]: Reference to deprecated ValueSet http://hl7.org/fhir/ValueSet/jurisdiction|5.0.0


== input/resources/structuredefinition-logical-container.xml ==
INFORMATION: StructureDefinition/logical-container: StructureDefinition.jurisdiction[0]: Reference to deprecated ValueSet http://hl7.org/fhir/ValueSet/jurisdiction|5.0.0


== input/resources/structuredefinition-logical-target.xml ==
INFORMATION: StructureDefinition/logical-target: StructureDefinition.jurisdiction[0]: Reference to deprecated ValueSet http://hl7.org/fhir/ValueSet/jurisdiction|5.0.0


== input/resources/structuredefinition-no-binding.xml ==
INFORMATION: StructureDefinition/no-binding: StructureDefinition.jurisdiction[0]: Reference to deprecated ValueSet http://hl7.org/fhir/ValueSet/jurisdiction|5.0.0


== input/resources/structuredefinition-obligation.xml ==
INFORMATION: StructureDefinition/obligation: StructureDefinition.jurisdiction[0]: Reference to deprecated ValueSet http://hl7.org/fhir/ValueSet/jurisdiction|5.0.0


== input/resources/structuredefinition-obligation-profile.xml ==
INFORMATION: StructureDefinition/obligation-profile: StructureDefinition.jurisdiction[0]: Reference to deprecated ValueSet http://hl7.org/fhir/ValueSet/jurisdiction|5.0.0


== input/resources/structuredefinition-package-scope.xml ==
INFORMATION: StructureDefinition/package-scope: StructureDefinition.jurisdiction[0]: Reference to deprecated ValueSet http://hl7.org/fhir/ValueSet/jurisdiction|5.0.0


== input/resources/structuredefinition-profile-mapping.xml ==
INFORMATION: StructureDefinition/profile-mapping: StructureDefinition.jurisdiction[0]: Reference to deprecated ValueSet http://hl7.org/fhir/ValueSet/jurisdiction|5.0.0


== input/resources/structuredefinition-resource-sort.xml ==
INFORMATION: StructureDefinition/resource-sort: StructureDefinition.jurisdiction[0]: Reference to deprecated ValueSet http://hl7.org/fhir/ValueSet/jurisdiction|5.0.0


== input/resources/structuredefinition-searchparameter-base-type.xml ==
INFORMATION: StructureDefinition/searchparameter-base-type: StructureDefinition.jurisdiction[0]: Reference to deprecated ValueSet http://hl7.org/fhir/ValueSet/jurisdiction|5.0.0


== input/resources/structuredefinition-select-by-map.xml ==
INFORMATION: StructureDefinition/select-by-map: StructureDefinition.jurisdiction[0]: Reference to deprecated ValueSet http://hl7.org/fhir/ValueSet/jurisdiction|5.0.0


== input/resources/structuredefinition-type-specifier.xml ==
INFORMATION: StructureDefinition/type-specifier: StructureDefinition.jurisdiction[0]: Reference to deprecated ValueSet http://hl7.org/fhir/ValueSet/jurisdiction|5.0.0


== input/resources/structuredefinition-valueset-expansion-param.xml ==
INFORMATION: StructureDefinition/valueset-expansion-parameter: StructureDefinition.jurisdiction[0]: Reference to deprecated ValueSet http://hl7.org/fhir/ValueSet/jurisdiction|5.0.0


== input/resources/structuredefinition-web-source.xml ==
INFORMATION: StructureDefinition/web-source: StructureDefinition.jurisdiction[0]: Reference to deprecated ValueSet http://hl7.org/fhir/ValueSet/jurisdiction|5.0.0


== input/resources/structuredefinition-xml-choice-group.xml ==
INFORMATION: StructureDefinition/xml-choice-group: StructureDefinition.jurisdiction[0]: Reference to deprecated ValueSet http://hl7.org/fhir/ValueSet/jurisdiction|5.0.0


== input/resources/structuredefinition-xml-name.xml ==
INFORMATION: StructureDefinition/xml-name: StructureDefinition.jurisdiction[0]: Reference to deprecated ValueSet http://hl7.org/fhir/ValueSet/jurisdiction|5.0.0


== input/resources/structuredefinition-xml-namespace.xml ==
INFORMATION: StructureDefinition/xml-namespace: StructureDefinition.jurisdiction[0]: Reference to deprecated ValueSet http://hl7.org/fhir/ValueSet/jurisdiction|5.0.0


== input/resources/valueset-CDSActionType.xml ==
INFORMATION: ValueSet/CDSActionType: ValueSet.jurisdiction[0]: Reference to deprecated ValueSet http://hl7.org/fhir/ValueSet/jurisdiction|5.0.0


== input/resources/valueset-CDSIndicator.xml ==
INFORMATION: ValueSet/CDSIndicator: ValueSet.jurisdiction[0]: Reference to deprecated ValueSet http://hl7.org/fhir/ValueSet/jurisdiction|5.0.0


== input/resources/valueset-CDSLinkType.xml ==
INFORMATION: ValueSet/CDSLinkType: ValueSet.jurisdiction[0]: Reference to deprecated ValueSet http://hl7.org/fhir/ValueSet/jurisdiction|5.0.0


== input/resources/valueset-CDSSelectionBehavior.xml ==
INFORMATION: ValueSet/CDSSelectionBehavior: ValueSet.jurisdiction[0]: Reference to deprecated ValueSet http://hl7.org/fhir/ValueSet/jurisdiction|5.0.0


== input/resources/valueset-additional-binding-purpose.xml ==
INFORMATION: ValueSet/additional-binding-purpose: ValueSet.jurisdiction[0]: Reference to deprecated ValueSet http://hl7.org/fhir/ValueSet/jurisdiction|5.0.0


== input/resources/valueset-binding-style.xml ==
INFORMATION: ValueSet/binding-style: ValueSet.jurisdiction[0]: Reference to deprecated ValueSet http://hl7.org/fhir/ValueSet/jurisdiction|5.0.0


== input/resources/valueset-extension-style.xml ==
INFORMATION: ValueSet/extension-style: ValueSet.jurisdiction[0]: Reference to deprecated ValueSet http://hl7.org/fhir/ValueSet/jurisdiction|5.0.0


== input/resources/valueset-id-expectation.xml ==
INFORMATION: ValueSet/id-expectation: ValueSet.jurisdiction[0]: Reference to deprecated ValueSet http://hl7.org/fhir/ValueSet/jurisdiction|5.0.0


== input/resources/valueset-ig-parameters.xml ==
INFORMATION: ValueSet/ig-parameters: ValueSet.jurisdiction[0]: Reference to deprecated ValueSet http://hl7.org/fhir/ValueSet/jurisdiction|5.0.0


== input/resources/valueset-json-empty-behavior.xml ==
INFORMATION: ValueSet/json-empty-behavior: ValueSet.jurisdiction[0]: Reference to deprecated ValueSet http://hl7.org/fhir/ValueSet/jurisdiction|5.0.0


== input/resources/valueset-obligation.xml ==
INFORMATION: ValueSet/obligation: ValueSet.jurisdiction[0]: Reference to deprecated ValueSet http://hl7.org/fhir/ValueSet/jurisdiction|5.0.0


== input/resources/valueset-select-by-map-filter.xml ==
INFORMATION: ValueSet/select-by-map-filter: ValueSet.jurisdiction[0]: Reference to deprecated ValueSet http://hl7.org/fhir/ValueSet/jurisdiction|5.0.0


== input/tools-ig.xml ==
INFORMATION: ImplementationGuide/hl7.fhir.uv.tools: ImplementationGuide.jurisdiction[0]: Reference to deprecated ValueSet http://hl7.org/fhir/ValueSet/jurisdiction|5.0.0


