InternationalPatientSummaryIG : Validation Results
=========================================

err = 2, warn = 44, info = 16
$--
Generated $--. FHIR version $-- for hl7.fhir.uv.ips#$-- (canonical = http://hl7.org/fhir/uv/ips)
 Build Errors : 0 / 1 / 0
 fsh-generated/resources/AllergyIntolerance-allergyintolerance-multiple-codings : 1 / 0 / 1
 fsh-generated/resources/AllergyIntolerance-allergyintolerance-with-abatement : 0 / 0 / 1
 fsh-generated/resources/AllergyIntolerance-eumfh-39-07-1 : 0 / 0 / 1
 fsh-generated/resources/Bundle-IPS-examples-Bundle-01 : 0 / 2 / 42
 fsh-generated/resources/Bundle-IPS-examples-Bundle-with-immunization : 0 / 2 / 44
 fsh-generated/resources/Bundle-bundle-minimal : 0 / 2 / 18
 fsh-generated/resources/Bundle-bundle-no-info-required-sections : 0 / 0 / 17
 fsh-generated/resources/CapabilityStatement-ips-server : 0 / 0 / 1
 fsh-generated/resources/Composition-composition-minimal : 0 / 0 / 1
 fsh-generated/resources/Condition-eumfh-39-07-1 : 0 / 0 / 1
 fsh-generated/resources/Device-eumfh-70-275-1 : 0 / 0 / 1
 fsh-generated/resources/Device-ips-example-imaging-1 : 0 / 0 / 1
 fsh-generated/resources/DeviceUseStatement-eumfh-70-275-1 : 0 / 0 / 1
 fsh-generated/resources/DiagnosticReport-hemoglobin : 0 / 0 / 2
 fsh-generated/resources/Flag-546482 : 0 / 0 / 1
 fsh-generated/resources/ImagingStudy-TII-ImagingStudy-5-1 : 0 / 0 / 2
 fsh-generated/resources/Immunization-75680 : 0 / 1 / 1
 fsh-generated/resources/ImplementationGuide-hl7.fhir.uv.ips : 0 / 0 / 1
 fsh-generated/resources/Medication-eumfh-39-07-1 : 0 / 0 / 1
 fsh-generated/resources/MedicationRequest-eumfh-39-07-1-request : 0 / 0 / 1
 fsh-generated/resources/MedicationStatement-eumfh-39-07-1 : 0 / 0 / 1
 fsh-generated/resources/Observation-alcohol-use-example : 0 / 0 / 1
 fsh-generated/resources/Observation-hemoglobin : 0 / 0 / 1
 fsh-generated/resources/Observation-ips-example-imaging-1 : 0 / 0 / 1
 fsh-generated/resources/Observation-ips-example-imaging-4 : 0 / 0 / 1
 fsh-generated/resources/Observation-ips-example-imaging-5 : 0 / 0 / 1
 fsh-generated/resources/Observation-pathology-cancer : 0 / 0 / 1
 fsh-generated/resources/Observation-pregnancy-edd-example : 0 / 0 / 1
 fsh-generated/resources/Observation-pregnancy-outcome-example : 0 / 0 / 1
 fsh-generated/resources/Observation-pregnancy-status-example : 0 / 0 / 1
 fsh-generated/resources/Observation-serum-creatinine-adult : 0 / 0 / 1
 fsh-generated/resources/Observation-tobacco-use-example : 0 / 0 / 1
 fsh-generated/resources/Observation-urine-wbc-range : 0 / 0 / 1
 fsh-generated/resources/OperationDefinition-summary : 0 / 0 / 1
 fsh-generated/resources/Organization-TII-Organization1 : 0 / 0 / 1
 fsh-generated/resources/Organization-lab-org-example : 0 / 0 / 1
 fsh-generated/resources/Organization-simple-org : 0 / 0 / 1
 fsh-generated/resources/Patient-66033 : 0 / 0 / 1
 fsh-generated/resources/Patient-eumfh-39-07 : 0 / 1 / 2
 fsh-generated/resources/Patient-patient-example-female : 0 / 0 / 1
 fsh-generated/resources/Practitioner-eumfh-39-07 : 0 / 0 / 1
 fsh-generated/resources/PractitionerRole-simple-pr : 0 / 0 / 1
 fsh-generated/resources/Procedure-eumfh-39-07-1 : 1 / 0 / 1
 fsh-generated/resources/Specimen-specimen-example-1 : 0 / 0 / 1
 fsh-generated/resources/StructureDefinition-AllergyIntolerance-uv-ips : 0 / 0 / 2
 fsh-generated/resources/StructureDefinition-Bundle-uv-ips : 0 / 0 / 1
 fsh-generated/resources/StructureDefinition-CodeableConcept-uv-ips : 0 / 0 / 1
 fsh-generated/resources/StructureDefinition-Coding-uv-ips : 0 / 2 / 2
 fsh-generated/resources/StructureDefinition-Composition-uv-ips : 0 / 2 / 5
 fsh-generated/resources/StructureDefinition-Condition-uv-ips : 0 / 0 / 1
 fsh-generated/resources/StructureDefinition-Device-observer-uv-ips : 0 / 0 / 1
 fsh-generated/resources/StructureDefinition-Device-uv-ips : 0 / 0 / 1
 fsh-generated/resources/StructureDefinition-DeviceUseStatement-uv-ips : 0 / 2 / 1
 fsh-generated/resources/StructureDefinition-DiagnosticReport-uv-ips : 0 / 2 / 1
 fsh-generated/resources/StructureDefinition-Flag-alert-uv-ips : 0 / 2 / 1
 fsh-generated/resources/StructureDefinition-ImagingStudy-uv-ips : 0 / 1 / 1
 fsh-generated/resources/StructureDefinition-Immunization-uv-ips : 0 / 2 / 1
 fsh-generated/resources/StructureDefinition-Medication-uv-ips : 0 / 0 / 1
 fsh-generated/resources/StructureDefinition-MedicationRequest-uv-ips : 0 / 4 / 1
 fsh-generated/resources/StructureDefinition-MedicationStatement-uv-ips : 0 / 2 / 1
 fsh-generated/resources/StructureDefinition-Observation-alcoholuse-uv-ips : 0 / 2 / 1
 fsh-generated/resources/StructureDefinition-Observation-pregnancy-edd-uv-ips : 0 / 2 / 1
 fsh-generated/resources/StructureDefinition-Observation-pregnancy-outcome-uv-ips : 0 / 2 / 1
 fsh-generated/resources/StructureDefinition-Observation-pregnancy-status-uv-ips : 0 / 2 / 1
 fsh-generated/resources/StructureDefinition-Observation-results-laboratory-pathology-uv-ips : 0 / 2 / 3
 fsh-generated/resources/StructureDefinition-Observation-results-radiology-uv-ips : 0 / 2 / 3
 fsh-generated/resources/StructureDefinition-Observation-tobaccouse-uv-ips : 0 / 2 / 1
 fsh-generated/resources/StructureDefinition-Organization-uv-ips : 0 / 0 / 1
 fsh-generated/resources/StructureDefinition-Patient-uv-ips : 0 / 0 / 1
 fsh-generated/resources/StructureDefinition-Practitioner-uv-ips : 0 / 0 / 1
 fsh-generated/resources/StructureDefinition-PractitionerRole-uv-ips : 0 / 0 / 1
 fsh-generated/resources/StructureDefinition-Procedure-uv-ips : 0 / 2 / 1
 fsh-generated/resources/StructureDefinition-Quantity-uv-ips : 0 / 0 / 1
 fsh-generated/resources/StructureDefinition-Range-uv-ips : 0 / 0 / 1
 fsh-generated/resources/StructureDefinition-Ratio-uv-ips : 0 / 1 / 1
 fsh-generated/resources/StructureDefinition-SimpleQuantity-uv-ips : 0 / 0 / 1
 fsh-generated/resources/StructureDefinition-Specimen-uv-ips : 0 / 3 / 1
 fsh-generated/resources/ValueSet-allergy-intolerance-uv-ips : 0 / 0 / 1
 fsh-generated/resources/ValueSet-allergy-reaction-uv-ips : 0 / 0 / 1
 fsh-generated/resources/ValueSet-body-site-uv-ips : 0 / 0 / 1
 fsh-generated/resources/ValueSet-current-smoking-status-uv-ips : 0 / 0 / 1
 fsh-generated/resources/ValueSet-diagnostics-report-status-uv-ips : 0 / 0 / 1
 fsh-generated/resources/ValueSet-edd-method-uv-ips : 0 / 0 / 1
 fsh-generated/resources/ValueSet-healthcare-professional-roles-uv-ips : 0 / 0 / 1
 fsh-generated/resources/ValueSet-imaging-study-status-uv-ips : 0 / 0 / 1
 fsh-generated/resources/ValueSet-medical-devices-uv-ips : 0 / 0 / 1
 fsh-generated/resources/ValueSet-medication-example-uv-ips : 0 / 0 / 1
 fsh-generated/resources/ValueSet-medication-uv-ips : 0 / 0 / 1
 fsh-generated/resources/ValueSet-medicine-active-substances-uv-ips : 0 / 0 / 1
 fsh-generated/resources/ValueSet-medicine-doseform : 0 / 0 / 9
 fsh-generated/resources/ValueSet-medicine-route-of-administration : 0 / 0 / 3
 fsh-generated/resources/ValueSet-personal-relationship-uv-ips : 0 / 1 / 1
 fsh-generated/resources/ValueSet-pregnancies-summary-uv-ips : 0 / 0 / 1
 fsh-generated/resources/ValueSet-pregnancy-status-uv-ips : 0 / 0 / 1
 fsh-generated/resources/ValueSet-problem-type-loinc : 0 / 0 / 1
 fsh-generated/resources/ValueSet-problem-type-uv-ips : 0 / 1 / 1
 fsh-generated/resources/ValueSet-problems-uv-ips : 0 / 0 / 1
 fsh-generated/resources/ValueSet-procedures-uv-ips : 0 / 0 / 1
 fsh-generated/resources/ValueSet-results-coded-values-laboratory-pathology-uv-ips : 0 / 0 / 1
 fsh-generated/resources/ValueSet-results-laboratory-pathology-observations-uv-ips : 0 / 0 / 1
 fsh-generated/resources/ValueSet-results-radiology-numobs-uv-ips : 0 / 0 / 1
 fsh-generated/resources/ValueSet-results-radiology-observations-uv-ips : 0 / 0 / 1
 fsh-generated/resources/ValueSet-results-radiology-txtobs-uv-ips : 0 / 0 / 1
 fsh-generated/resources/ValueSet-results-specimen-collection-method-uv-ips : 0 / 0 / 1
 fsh-generated/resources/ValueSet-results-specimen-type-uv-ips : 0 / 0 / 1
 fsh-generated/resources/ValueSet-results-status-uv-ips : 0 / 0 / 1
 fsh-generated/resources/ValueSet-target-diseases-uv-ips : 0 / 0 / 1
 fsh-generated/resources/ValueSet-vaccines-uv-ips : 0 / 0 / 1
 fsh-generated/resources/ValueSet-vaccines-whoatc-uv-ips : 0 / 0 / 1
 fsh-generated/resources/ValueSet-whoatc-uv-ips : 0 / 0 / 1
</table>
== n/a ==
WARNING: The jira specification file appears to be out of date with the versions, artifacts and pages currently defined in the IG.  A proposed revised file to be reviewed and, if appropriate, submitted as a pull request against the XML folder in https://github.com/HL7/JIRA-Spec-Artifacts.  To see the differences, perform a file compare on 'template/jira-current.xml' (a normalized view of what is in Github) and 'template/jira-new.xml' (reflects current IG content)
== fsh-generated/resources/AllergyIntolerance-allergyintolerance-multiple-codings.json ==
ERROR: AllergyIntolerance/allergyintolerance-multiple-codings: AllergyIntolerance.code.coding[0].display: Wrong Display Name 'Penicillin (substance)' for http://snomed.info/sct#764146007. Valid display is one of 3 choices: 'Penicillin', 'Substance with penicillin structure (substance)' or 'Substance with penicillin structure' (for the language(s) 'en-US')
== fsh-generated/resources/AllergyIntolerance-allergyintolerance-with-abatement.json ==
== fsh-generated/resources/AllergyIntolerance-eumfh-39-07-1.json ==
== fsh-generated/resources/Bundle-IPS-examples-Bundle-01.json ==
INFORMATION: Bundle/IPS-examples-Bundle-01: Bundle.entry[9].resource/*AllergyIntolerance/72884cad-ebe6-4f43-a51a-2f978275f132*/.code.coding[0].code: The code '373270004' is valid but is not active
== fsh-generated/resources/Bundle-IPS-examples-Bundle-with-immunization.json ==
INFORMATION: Bundle/IPS-examples-Bundle-with-immunization: Bundle.entry[9].resource/*AllergyIntolerance/72884cad-ebe6-4f43-a51a-2f978275f132-with-immunization*/.code.coding[0].code: The code '373270004' is valid but is not active
== fsh-generated/resources/Bundle-bundle-minimal.json ==
INFORMATION: Bundle/bundle-minimal: Bundle.entry[7].resource/*AllergyIntolerance/74861316-f69d-4652-9fb1-8512a20c7927*/.code.coding[0].code: The code '373270004' is valid but is not active
== fsh-generated/resources/Bundle-bundle-no-info-required-sections.json ==
== fsh-generated/resources/CapabilityStatement-ips-server.json ==
== fsh-generated/resources/Composition-composition-minimal.json ==
== fsh-generated/resources/Condition-eumfh-39-07-1.json ==
== fsh-generated/resources/Device-eumfh-70-275-1.json ==
== fsh-generated/resources/Device-ips-example-imaging-1.json ==
== fsh-generated/resources/DeviceUseStatement-eumfh-70-275-1.json ==
== fsh-generated/resources/DiagnosticReport-hemoglobin.json ==
INFORMATION: DiagnosticReport/hemoglobin: DiagnosticReport.status: Reference to draft CodeSystem http://hl7.org/fhir/diagnostic-report-status|4.0.1
== fsh-generated/resources/Flag-546482.json ==
== fsh-generated/resources/ImagingStudy-TII-ImagingStudy-5-1.json ==
INFORMATION: ImagingStudy/TII-ImagingStudy-5-1: ImagingStudy.status: Reference to draft CodeSystem http://hl7.org/fhir/imagingstudy-status|4.0.1
== fsh-generated/resources/Immunization-75680.json ==
WARNING: Immunization/75680: Immunization.vaccineCode.coding[2].system: A definition for CodeSystem 'https://cnk.apb.be/codings/cnk_product_codes' could not be found, so the code cannot be validated
== fsh-generated/resources/ImplementationGuide-hl7.fhir.uv.ips.json ==
== fsh-generated/resources/Medication-eumfh-39-07-1.json ==
== fsh-generated/resources/MedicationRequest-eumfh-39-07-1-request.json ==
== fsh-generated/resources/MedicationStatement-eumfh-39-07-1.json ==
== fsh-generated/resources/Observation-alcohol-use-example.json ==
== fsh-generated/resources/Observation-hemoglobin.json ==
== fsh-generated/resources/Observation-ips-example-imaging-1.json ==
== fsh-generated/resources/Observation-ips-example-imaging-4.json ==
== fsh-generated/resources/Observation-ips-example-imaging-5.json ==
== fsh-generated/resources/Observation-pathology-cancer.json ==
== fsh-generated/resources/Observation-pregnancy-edd-example.json ==
== fsh-generated/resources/Observation-pregnancy-outcome-example.json ==
== fsh-generated/resources/Observation-pregnancy-status-example.json ==
== fsh-generated/resources/Observation-serum-creatinine-adult.json ==
== fsh-generated/resources/Observation-tobacco-use-example.json ==
== fsh-generated/resources/Observation-urine-wbc-range.json ==
== fsh-generated/resources/OperationDefinition-summary.json ==
== fsh-generated/resources/Organization-TII-Organization1.json ==
== fsh-generated/resources/Organization-lab-org-example.json ==
== fsh-generated/resources/Organization-simple-org.json ==
== fsh-generated/resources/Patient-66033.json ==
== fsh-generated/resources/Patient-eumfh-39-07.json ==
INFORMATION: Patient/eumfh-39-07: Patient.extension[0]: This element does not match any known slice defined in the profile http://hl7.org/fhir/uv/ips/StructureDefinition/Patient-uv-ips|2.0.0 (this may not be a problem, but you should check that it's not intended to match a slice)
WARNING: Patient/eumfh-39-07: Patient.extension[0].extension[0].value.ofType(CodeableConcept): ValueSet 'http://hl7.org/fhir/ValueSet/country' not found
== fsh-generated/resources/Patient-patient-example-female.json ==
== fsh-generated/resources/Practitioner-eumfh-39-07.json ==
== fsh-generated/resources/PractitionerRole-simple-pr.json ==
== fsh-generated/resources/Procedure-eumfh-39-07-1.json ==
ERROR: Procedure/eumfh-39-07-1: Procedure.code.coding[1].display: Wrong Display Name 'Balloon angioplasty of artery' for http://snomed.info/sct#233258006. Valid display is one of 5 choices: 'Angioplasty of artery', 'Arterial angioplasty', 'Percutaneous transluminal angioplasty of artery using fluoroscopic guidance with contrast (procedure)', 'Fluoroscopy guided angioplasty of artery with contrast' or 'Percutaneous transluminal angioplasty of artery using fluoroscopic guidance with contrast' (for the language(s) 'en-US')
== fsh-generated/resources/Specimen-specimen-example-1.json ==
== fsh-generated/resources/StructureDefinition-AllergyIntolerance-uv-ips.json ==
INFORMATION: StructureDefinition/AllergyIntolerance-uv-ips: StructureDefinition.snapshot.element[4].binding.extension[0]: The extension http://hl7.org/fhir/StructureDefinition/elementdefinition-maxValueSet|5.2.0 is deprecated
== fsh-generated/resources/StructureDefinition-Bundle-uv-ips.json ==
== fsh-generated/resources/StructureDefinition-CodeableConcept-uv-ips.json ==
== fsh-generated/resources/StructureDefinition-Coding-uv-ips.json ==
WARNING: StructureDefinition/Coding-uv-ips: StructureDefinition.snapshot.element[9].type[0].profile[0]: There are multiple different potential matches for the url 'http://hl7.org/fhir/StructureDefinition/translation'. It might be a good idea to fix to the correct version to reduce the likelihood of a wrong version being selected by an implementation/implementer. Using version '5.2.0', found versions: 4.0.1, 5.2.0
INFORMATION: StructureDefinition/Coding-uv-ips: StructureDefinition.snapshot.element[10].type[0].extension[1]: The extension http://hl7.org/fhir/StructureDefinition/regex|5.2.0 is deprecated with the note This was deprecated in favor of using a constraint on the element using FHIRPath, since constraints allow for the provision of a human readable message associated with the regex
WARNING: StructureDefinition/Coding-uv-ips: StructureDefinition.differential.element[4].type[0].profile[0]: There are multiple different potential matches for the url 'http://hl7.org/fhir/StructureDefinition/translation'. It might be a good idea to fix to the correct version to reduce the likelihood of a wrong version being selected by an implementation/implementer. Using version '5.2.0', found versions: 4.0.1, 5.2.0
== fsh-generated/resources/StructureDefinition-Composition-uv-ips.json ==
WARNING: StructureDefinition/Composition-uv-ips: StructureDefinition.snapshot.element[43].binding.valueSet: There are multiple different potential matches for the url 'http://terminology.hl7.org/ValueSet/v3-ActCode'. It might be a good idea to fix to the correct version to reduce the likelihood of a wrong version being selected by an implementation/implementer. Using version '3.0.0', found versions: 2018-08-12, 3.0.0
WARNING: StructureDefinition/Composition-uv-ips: StructureDefinition.snapshot.element[50].binding.valueSet: There are multiple different potential matches for the url 'http://terminology.hl7.org/ValueSet/v3-ActCode'. It might be a good idea to fix to the correct version to reduce the likelihood of a wrong version being selected by an implementation/implementer. Using version '3.0.0', found versions: 2018-08-12, 3.0.0
INFORMATION: StructureDefinition/Composition-uv-ips: StructureDefinition.differential.element[16].slicing.discriminator[0]: The discriminator type 'pattern' is deprecated in R5+. For future compatibility, you could consider using type=value with a pattern[x] instead (if this is not an inherited slicing)
INFORMATION: StructureDefinition/Composition-uv-ips: StructureDefinition.differential.element[20].slicing.discriminator[0]: The discriminator type 'pattern' is deprecated in R5+. For future compatibility, you could consider using type=value with a pattern[x] instead (if this is not an inherited slicing)
INFORMATION: StructureDefinition/Composition-uv-ips: StructureDefinition.snapshot.element[39].slicing.discriminator[0]: The discriminator type 'pattern' is deprecated in R5+. For future compatibility, you could consider using type=value with a pattern[x] instead (if this is not an inherited slicing)
INFORMATION: StructureDefinition/Composition-uv-ips: StructureDefinition.snapshot.element[53].slicing.discriminator[0]: The discriminator type 'pattern' is deprecated in R5+. For future compatibility, you could consider using type=value with a pattern[x] instead (if this is not an inherited slicing)
== fsh-generated/resources/StructureDefinition-Condition-uv-ips.json ==
== fsh-generated/resources/StructureDefinition-Device-observer-uv-ips.json ==
== fsh-generated/resources/StructureDefinition-Device-uv-ips.json ==
== fsh-generated/resources/StructureDefinition-DeviceUseStatement-uv-ips.json ==
WARNING: StructureDefinition/DeviceUseStatement-uv-ips: StructureDefinition.snapshot.element[23].type[0].profile[0]: There are multiple different potential matches for the url 'http://hl7.org/fhir/StructureDefinition/data-absent-reason'. It might be a good idea to fix to the correct version to reduce the likelihood of a wrong version being selected by an implementation/implementer. Using version '5.2.0', found versions: 4.0.1, 5.2.0
WARNING: StructureDefinition/DeviceUseStatement-uv-ips: StructureDefinition.differential.element[3].type[0].profile[0]: There are multiple different potential matches for the url 'http://hl7.org/fhir/StructureDefinition/data-absent-reason'. It might be a good idea to fix to the correct version to reduce the likelihood of a wrong version being selected by an implementation/implementer. Using version '5.2.0', found versions: 4.0.1, 5.2.0
== fsh-generated/resources/StructureDefinition-DiagnosticReport-uv-ips.json ==
WARNING: StructureDefinition/DiagnosticReport-uv-ips: StructureDefinition.snapshot.element[25].type[0].profile[0]: There are multiple different potential matches for the url 'http://hl7.org/fhir/StructureDefinition/data-absent-reason'. It might be a good idea to fix to the correct version to reduce the likelihood of a wrong version being selected by an implementation/implementer. Using version '5.2.0', found versions: 4.0.1, 5.2.0
WARNING: StructureDefinition/DiagnosticReport-uv-ips: StructureDefinition.differential.element[6].type[0].profile[0]: There are multiple different potential matches for the url 'http://hl7.org/fhir/StructureDefinition/data-absent-reason'. It might be a good idea to fix to the correct version to reduce the likelihood of a wrong version being selected by an implementation/implementer. Using version '5.2.0', found versions: 4.0.1, 5.2.0
== fsh-generated/resources/StructureDefinition-Flag-alert-uv-ips.json ==
WARNING: StructureDefinition/Flag-alert-uv-ips: StructureDefinition.snapshot.element[8].type[0].profile[0]: There are multiple different potential matches for the url 'http://hl7.org/fhir/StructureDefinition/flag-priority'. It might be a good idea to fix to the correct version to reduce the likelihood of a wrong version being selected by an implementation/implementer. Using version '5.2.0', found versions: 4.0.1, 5.2.0
WARNING: StructureDefinition/Flag-alert-uv-ips: StructureDefinition.differential.element[1].type[0].profile[0]: There are multiple different potential matches for the url 'http://hl7.org/fhir/StructureDefinition/flag-priority'. It might be a good idea to fix to the correct version to reduce the likelihood of a wrong version being selected by an implementation/implementer. Using version '5.2.0', found versions: 4.0.1, 5.2.0
== fsh-generated/resources/StructureDefinition-ImagingStudy-uv-ips.json ==
WARNING: StructureDefinition/ImagingStudy-uv-ips: StructureDefinition.snapshot.element[52].binding: The definition for the element 'ImagingStudy.series.performer.function' binds to the value set 'http://hl7.org/fhir/ValueSet/series-performer-function' which is experimental, but this structure is not labeled as experimental
== fsh-generated/resources/StructureDefinition-Immunization-uv-ips.json ==
WARNING: StructureDefinition/Immunization-uv-ips: StructureDefinition.snapshot.element[24].type[0].profile[0]: There are multiple different potential matches for the url 'http://hl7.org/fhir/StructureDefinition/data-absent-reason'. It might be a good idea to fix to the correct version to reduce the likelihood of a wrong version being selected by an implementation/implementer. Using version '5.2.0', found versions: 4.0.1, 5.2.0
WARNING: StructureDefinition/Immunization-uv-ips: StructureDefinition.differential.element[6].type[0].profile[0]: There are multiple different potential matches for the url 'http://hl7.org/fhir/StructureDefinition/data-absent-reason'. It might be a good idea to fix to the correct version to reduce the likelihood of a wrong version being selected by an implementation/implementer. Using version '5.2.0', found versions: 4.0.1, 5.2.0
== fsh-generated/resources/StructureDefinition-Medication-uv-ips.json ==
== fsh-generated/resources/StructureDefinition-MedicationRequest-uv-ips.json ==
WARNING: StructureDefinition/MedicationRequest-uv-ips: StructureDefinition.snapshot.element[77].type[0].profile[0]: There are multiple different potential matches for the url 'http://hl7.org/fhir/StructureDefinition/data-absent-reason'. It might be a good idea to fix to the correct version to reduce the likelihood of a wrong version being selected by an implementation/implementer. Using version '5.2.0', found versions: 4.0.1, 5.2.0
WARNING: StructureDefinition/MedicationRequest-uv-ips: StructureDefinition.snapshot.element[88].binding.valueSet: There are multiple different potential matches for the url 'http://terminology.hl7.org/ValueSet/v3-ActSubstanceAdminSubstitutionCode'. It might be a good idea to fix to the correct version to reduce the likelihood of a wrong version being selected by an implementation/implementer. Using version '3.0.0', found versions: 2014-03-26, 3.0.0
WARNING: StructureDefinition/MedicationRequest-uv-ips: StructureDefinition.snapshot.element[89].binding.valueSet: There are multiple different potential matches for the url 'http://terminology.hl7.org/ValueSet/v3-SubstanceAdminSubstitutionReason'. It might be a good idea to fix to the correct version to reduce the likelihood of a wrong version being selected by an implementation/implementer. Using version '3.0.0', found versions: 2014-03-26, 3.0.0
WARNING: StructureDefinition/MedicationRequest-uv-ips: StructureDefinition.differential.element[8].type[0].profile[0]: There are multiple different potential matches for the url 'http://hl7.org/fhir/StructureDefinition/data-absent-reason'. It might be a good idea to fix to the correct version to reduce the likelihood of a wrong version being selected by an implementation/implementer. Using version '5.2.0', found versions: 4.0.1, 5.2.0
== fsh-generated/resources/StructureDefinition-MedicationStatement-uv-ips.json ==
WARNING: StructureDefinition/MedicationStatement-uv-ips: StructureDefinition.snapshot.element[27].type[0].profile[0]: There are multiple different potential matches for the url 'http://hl7.org/fhir/StructureDefinition/data-absent-reason'. It might be a good idea to fix to the correct version to reduce the likelihood of a wrong version being selected by an implementation/implementer. Using version '5.2.0', found versions: 4.0.1, 5.2.0
WARNING: StructureDefinition/MedicationStatement-uv-ips: StructureDefinition.differential.element[5].type[0].profile[0]: There are multiple different potential matches for the url 'http://hl7.org/fhir/StructureDefinition/data-absent-reason'. It might be a good idea to fix to the correct version to reduce the likelihood of a wrong version being selected by an implementation/implementer. Using version '5.2.0', found versions: 4.0.1, 5.2.0
== fsh-generated/resources/StructureDefinition-Observation-alcoholuse-uv-ips.json ==
WARNING: StructureDefinition/Observation-alcoholuse-uv-ips: StructureDefinition.snapshot.element[27].type[0].profile[0]: There are multiple different potential matches for the url 'http://hl7.org/fhir/StructureDefinition/data-absent-reason'. It might be a good idea to fix to the correct version to reduce the likelihood of a wrong version being selected by an implementation/implementer. Using version '5.2.0', found versions: 4.0.1, 5.2.0
WARNING: StructureDefinition/Observation-alcoholuse-uv-ips: StructureDefinition.differential.element[5].type[0].profile[0]: There are multiple different potential matches for the url 'http://hl7.org/fhir/StructureDefinition/data-absent-reason'. It might be a good idea to fix to the correct version to reduce the likelihood of a wrong version being selected by an implementation/implementer. Using version '5.2.0', found versions: 4.0.1, 5.2.0
== fsh-generated/resources/StructureDefinition-Observation-pregnancy-edd-uv-ips.json ==
WARNING: StructureDefinition/Observation-pregnancy-edd-uv-ips: StructureDefinition.snapshot.element[27].type[0].profile[0]: There are multiple different potential matches for the url 'http://hl7.org/fhir/StructureDefinition/data-absent-reason'. It might be a good idea to fix to the correct version to reduce the likelihood of a wrong version being selected by an implementation/implementer. Using version '5.2.0', found versions: 4.0.1, 5.2.0
WARNING: StructureDefinition/Observation-pregnancy-edd-uv-ips: StructureDefinition.differential.element[5].type[0].profile[0]: There are multiple different potential matches for the url 'http://hl7.org/fhir/StructureDefinition/data-absent-reason'. It might be a good idea to fix to the correct version to reduce the likelihood of a wrong version being selected by an implementation/implementer. Using version '5.2.0', found versions: 4.0.1, 5.2.0
== fsh-generated/resources/StructureDefinition-Observation-pregnancy-outcome-uv-ips.json ==
WARNING: StructureDefinition/Observation-pregnancy-outcome-uv-ips: StructureDefinition.snapshot.element[27].type[0].profile[0]: There are multiple different potential matches for the url 'http://hl7.org/fhir/StructureDefinition/data-absent-reason'. It might be a good idea to fix to the correct version to reduce the likelihood of a wrong version being selected by an implementation/implementer. Using version '5.2.0', found versions: 4.0.1, 5.2.0
WARNING: StructureDefinition/Observation-pregnancy-outcome-uv-ips: StructureDefinition.differential.element[5].type[0].profile[0]: There are multiple different potential matches for the url 'http://hl7.org/fhir/StructureDefinition/data-absent-reason'. It might be a good idea to fix to the correct version to reduce the likelihood of a wrong version being selected by an implementation/implementer. Using version '5.2.0', found versions: 4.0.1, 5.2.0
== fsh-generated/resources/StructureDefinition-Observation-pregnancy-status-uv-ips.json ==
WARNING: StructureDefinition/Observation-pregnancy-status-uv-ips: StructureDefinition.snapshot.element[27].type[0].profile[0]: There are multiple different potential matches for the url 'http://hl7.org/fhir/StructureDefinition/data-absent-reason'. It might be a good idea to fix to the correct version to reduce the likelihood of a wrong version being selected by an implementation/implementer. Using version '5.2.0', found versions: 4.0.1, 5.2.0
WARNING: StructureDefinition/Observation-pregnancy-status-uv-ips: StructureDefinition.differential.element[5].type[0].profile[0]: There are multiple different potential matches for the url 'http://hl7.org/fhir/StructureDefinition/data-absent-reason'. It might be a good idea to fix to the correct version to reduce the likelihood of a wrong version being selected by an implementation/implementer. Using version '5.2.0', found versions: 4.0.1, 5.2.0
== fsh-generated/resources/StructureDefinition-Observation-results-laboratory-pathology-uv-ips.json ==
WARNING: StructureDefinition/Observation-results-laboratory-pathology-uv-ips: StructureDefinition.snapshot.element[28].type[0].profile[0]: There are multiple different potential matches for the url 'http://hl7.org/fhir/StructureDefinition/data-absent-reason'. It might be a good idea to fix to the correct version to reduce the likelihood of a wrong version being selected by an implementation/implementer. Using version '5.2.0', found versions: 4.0.1, 5.2.0
WARNING: StructureDefinition/Observation-results-laboratory-pathology-uv-ips: StructureDefinition.differential.element[8].type[0].profile[0]: There are multiple different potential matches for the url 'http://hl7.org/fhir/StructureDefinition/data-absent-reason'. It might be a good idea to fix to the correct version to reduce the likelihood of a wrong version being selected by an implementation/implementer. Using version '5.2.0', found versions: 4.0.1, 5.2.0
INFORMATION: StructureDefinition/Observation-results-laboratory-pathology-uv-ips: StructureDefinition.differential.element[2].slicing.discriminator[0]: The discriminator type 'pattern' is deprecated in R5+. For future compatibility, you could consider using type=value with a pattern[x] instead (if this is not an inherited slicing)
INFORMATION: StructureDefinition/Observation-results-laboratory-pathology-uv-ips: StructureDefinition.snapshot.element[13].slicing.discriminator[0]: The discriminator type 'pattern' is deprecated in R5+. For future compatibility, you could consider using type=value with a pattern[x] instead (if this is not an inherited slicing)
== fsh-generated/resources/StructureDefinition-Observation-results-radiology-uv-ips.json ==
WARNING: StructureDefinition/Observation-results-radiology-uv-ips: StructureDefinition.snapshot.element[28].type[0].profile[0]: There are multiple different potential matches for the url 'http://hl7.org/fhir/StructureDefinition/data-absent-reason'. It might be a good idea to fix to the correct version to reduce the likelihood of a wrong version being selected by an implementation/implementer. Using version '5.2.0', found versions: 4.0.1, 5.2.0
WARNING: StructureDefinition/Observation-results-radiology-uv-ips: StructureDefinition.differential.element[9].type[0].profile[0]: There are multiple different potential matches for the url 'http://hl7.org/fhir/StructureDefinition/data-absent-reason'. It might be a good idea to fix to the correct version to reduce the likelihood of a wrong version being selected by an implementation/implementer. Using version '5.2.0', found versions: 4.0.1, 5.2.0
INFORMATION: StructureDefinition/Observation-results-radiology-uv-ips: StructureDefinition.differential.element[3].slicing.discriminator[0]: The discriminator type 'pattern' is deprecated in R5+. For future compatibility, you could consider using type=value with a pattern[x] instead (if this is not an inherited slicing)
INFORMATION: StructureDefinition/Observation-results-radiology-uv-ips: StructureDefinition.snapshot.element[13].slicing.discriminator[0]: The discriminator type 'pattern' is deprecated in R5+. For future compatibility, you could consider using type=value with a pattern[x] instead (if this is not an inherited slicing)
== fsh-generated/resources/StructureDefinition-Observation-tobaccouse-uv-ips.json ==
WARNING: StructureDefinition/Observation-tobaccouse-uv-ips: StructureDefinition.snapshot.element[27].type[0].profile[0]: There are multiple different potential matches for the url 'http://hl7.org/fhir/StructureDefinition/data-absent-reason'. It might be a good idea to fix to the correct version to reduce the likelihood of a wrong version being selected by an implementation/implementer. Using version '5.2.0', found versions: 4.0.1, 5.2.0
WARNING: StructureDefinition/Observation-tobaccouse-uv-ips: StructureDefinition.differential.element[5].type[0].profile[0]: There are multiple different potential matches for the url 'http://hl7.org/fhir/StructureDefinition/data-absent-reason'. It might be a good idea to fix to the correct version to reduce the likelihood of a wrong version being selected by an implementation/implementer. Using version '5.2.0', found versions: 4.0.1, 5.2.0
== fsh-generated/resources/StructureDefinition-Organization-uv-ips.json ==
== fsh-generated/resources/StructureDefinition-Patient-uv-ips.json ==
== fsh-generated/resources/StructureDefinition-Practitioner-uv-ips.json ==
== fsh-generated/resources/StructureDefinition-PractitionerRole-uv-ips.json ==
== fsh-generated/resources/StructureDefinition-Procedure-uv-ips.json ==
WARNING: StructureDefinition/Procedure-uv-ips: StructureDefinition.snapshot.element[29].type[0].profile[0]: There are multiple different potential matches for the url 'http://hl7.org/fhir/StructureDefinition/data-absent-reason'. It might be a good idea to fix to the correct version to reduce the likelihood of a wrong version being selected by an implementation/implementer. Using version '5.2.0', found versions: 4.0.1, 5.2.0
WARNING: StructureDefinition/Procedure-uv-ips: StructureDefinition.differential.element[4].type[0].profile[0]: There are multiple different potential matches for the url 'http://hl7.org/fhir/StructureDefinition/data-absent-reason'. It might be a good idea to fix to the correct version to reduce the likelihood of a wrong version being selected by an implementation/implementer. Using version '5.2.0', found versions: 4.0.1, 5.2.0
== fsh-generated/resources/StructureDefinition-Quantity-uv-ips.json ==
== fsh-generated/resources/StructureDefinition-Range-uv-ips.json ==
== fsh-generated/resources/StructureDefinition-Ratio-uv-ips.json ==
WARNING: StructureDefinition.where(url = 'http://hl7.org/fhir/uv/ips/StructureDefinition/Ratio-uv-ips'): The Implementation Guide contains no examples for this data type profile
== fsh-generated/resources/StructureDefinition-SimpleQuantity-uv-ips.json ==
== fsh-generated/resources/StructureDefinition-Specimen-uv-ips.json ==
WARNING: StructureDefinition/Specimen-uv-ips: StructureDefinition.snapshot.element[33].binding.valueSet: There are multiple different potential matches for the url 'http://terminology.hl7.org/ValueSet/v2-0916'. It might be a good idea to fix to the correct version to reduce the likelihood of a wrong version being selected by an implementation/implementer. Using version '2.0.0', found versions: 2.0.0, 2.9
WARNING: StructureDefinition/Specimen-uv-ips: StructureDefinition.snapshot.element[51].binding.valueSet: There are multiple different potential matches for the url 'http://terminology.hl7.org/ValueSet/v2-0371'. It might be a good idea to fix to the correct version to reduce the likelihood of a wrong version being selected by an implementation/implementer. Using version '2.0.0', found versions: 2.0.0, 2.9
WARNING: StructureDefinition/Specimen-uv-ips: StructureDefinition.snapshot.element[52].binding.valueSet: There are multiple different potential matches for the url 'http://terminology.hl7.org/ValueSet/v2-0493'. It might be a good idea to fix to the correct version to reduce the likelihood of a wrong version being selected by an implementation/implementer. Using version '2.0.0', found versions: 2.0.0, 2.9
== fsh-generated/resources/ValueSet-allergy-intolerance-uv-ips.json ==
== fsh-generated/resources/ValueSet-allergy-reaction-uv-ips.json ==
== fsh-generated/resources/ValueSet-body-site-uv-ips.json ==
== fsh-generated/resources/ValueSet-current-smoking-status-uv-ips.json ==
== fsh-generated/resources/ValueSet-diagnostics-report-status-uv-ips.json ==
== fsh-generated/resources/ValueSet-edd-method-uv-ips.json ==
== fsh-generated/resources/ValueSet-healthcare-professional-roles-uv-ips.json ==
== fsh-generated/resources/ValueSet-imaging-study-status-uv-ips.json ==
== fsh-generated/resources/ValueSet-medical-devices-uv-ips.json ==
== fsh-generated/resources/ValueSet-medication-example-uv-ips.json ==
== fsh-generated/resources/ValueSet-medication-uv-ips.json ==
== fsh-generated/resources/ValueSet-medicine-active-substances-uv-ips.json ==
== fsh-generated/resources/ValueSet-medicine-doseform.json ==
== fsh-generated/resources/ValueSet-medicine-route-of-administration.json ==
== fsh-generated/resources/ValueSet-personal-relationship-uv-ips.json ==
WARNING: ValueSet/personal-relationship-uv-ips: ValueSet.compose.include[0]: There are multiple different potential matches for the url 'http://terminology.hl7.org/CodeSystem/v3-RoleCode'. It might be a good idea to fix to the correct version to reduce the likelihood of a wrong version being selected by an implementation/implementer. Using version '3.0.0', found versions: 2018-08-12, 3.0.0
== fsh-generated/resources/ValueSet-pregnancies-summary-uv-ips.json ==
== fsh-generated/resources/ValueSet-pregnancy-status-uv-ips.json ==
== fsh-generated/resources/ValueSet-problem-type-loinc.json ==
== fsh-generated/resources/ValueSet-problem-type-uv-ips.json ==
WARNING: ValueSet/problem-type-uv-ips: ValueSet.compose.include[0]: There are multiple different potential matches for the url 'http://terminology.hl7.org/CodeSystem/condition-category'. It might be a good idea to fix to the correct version to reduce the likelihood of a wrong version being selected by an implementation/implementer. Using version '1.0.1', found versions: 1.0.1, 4.0.1
== fsh-generated/resources/ValueSet-problems-uv-ips.json ==
== fsh-generated/resources/ValueSet-procedures-uv-ips.json ==
== fsh-generated/resources/ValueSet-results-coded-values-laboratory-pathology-uv-ips.json ==
== fsh-generated/resources/ValueSet-results-laboratory-pathology-observations-uv-ips.json ==
== fsh-generated/resources/ValueSet-results-radiology-numobs-uv-ips.json ==
== fsh-generated/resources/ValueSet-results-radiology-observations-uv-ips.json ==
== fsh-generated/resources/ValueSet-results-radiology-txtobs-uv-ips.json ==
== fsh-generated/resources/ValueSet-results-specimen-collection-method-uv-ips.json ==
== fsh-generated/resources/ValueSet-results-specimen-type-uv-ips.json ==
== fsh-generated/resources/ValueSet-results-status-uv-ips.json ==
== fsh-generated/resources/ValueSet-target-diseases-uv-ips.json ==
== fsh-generated/resources/ValueSet-vaccines-uv-ips.json ==
== fsh-generated/resources/ValueSet-vaccines-whoatc-uv-ips.json ==
== fsh-generated/resources/ValueSet-whoatc-uv-ips.json ==
