{
  "url" : "http://hl7.org/fhir/uv/ipa/ImplementationGuide/hl7.fhir.uv.ipa",
  "name" : "InternationalPatientAccess",
  "title" : "International Patient Access",
  "description" : "This IG  describes how an application acting on behalf of a patient can access information about the patient from an clinical records system using a FHIR based API. The clinical records system may be supporting a clinical care provider (e.g. a hospital, or a general practitioner), or a health data exchange, including a national health record system.",
  "ig-date" : "2022-08-10",
  "status" : "draft",
  "package-id" : "hl7.fhir.uv.ipa",
  "ig-ver" : "1.0.0-preview",
  "date" : "Sun, 12 May, 2024 07:33:51 +1000",
  "dateISO8601" : "2024-05-12T07:33:51+10:00",
  "errs" : 24,
  "warnings" : 8,
  "hints" : 43,
  "suppressed-hints" : 0,
  "suppressed-warnings" : 0,
  "version" : "4.0.1",
  "tool" : "5.0.0 (3)",
  "maxMemory" : 1868345848
}
