{
  "url" : "http://hl7.org.au/fhir/ImplementationGuide/hl7.fhir.au.base",
  "name" : "AUBaseImplementationGuide",
  "title" : "AU Base Implementation Guide",
  "description" : "This implementation guide is provided to support the use of FHIR®© in an Australian context.",
  "status" : "active",
  "package-id" : "hl7.fhir.au.base",
  "ig-ver" : "4.2.1-ci-build",
  "date" : "Sun, 12 May, 2024 07:02:53 +1000",
  "dateISO8601" : "2024-05-12T07:02:53+10:00",
  "errs" : 9,
  "warnings" : 127,
  "hints" : 109,
  "suppressed-hints" : 0,
  "suppressed-warnings" : 0,
  "version" : "4.0.1",
  "tool" : "5.0.0 (3)",
  "maxMemory" : 3266916512
}
