{
  "url" : "http://hl7.org/fhir/uv/howto/ImplementationGuide/hl7.fhir.uv.howto",
  "name" : "HowToCreateIGs",
  "title" : "Guidance for FHIR IG Creation",
  "description" : "Provides guidance on the process to define implementation guides using the HL7 IG Publisher and HL7-managed IG templates.  It also provides guidance on 'best practices' around IG development and information about how to develop and maintain IG templates.",
  "status" : "draft",
  "package-id" : "hl7.fhir.uv.howto",
  "ig-ver" : "0.1.0",
  "date" : "Sun, 12 May, 2024 07:02:14 +1000",
  "dateISO8601" : "2024-05-12T07:02:14+10:00",
  "errs" : 1,
  "warnings" : 0,
  "hints" : 1,
  "suppressed-hints" : 0,
  "suppressed-warnings" : 0,
  "version" : "5.0.0",
  "tool" : "5.0.0 (3)",
  "maxMemory" : 1997336680
}
