InternationalPatientAccess : Validation Results
=========================================

err = 24, warn = 8, info = 43
$--
Generated $--. FHIR version $-- for hl7.fhir.uv.ipa#$-- (canonical = http://hl7.org/fhir/uv/ipa)
 Build Errors : 0 / 5 / 0
 /Users/grahamegrieve/work/test-igs/hl7.fhir.uv.ipa/fsh-generated/resources/ImplementationGuide-hl7.fhir.uv.ipa : 5 / 1 / 1
 /Users/grahamegrieve/work/test-igs/hl7.fhir.uv.ipa/input/examples/AllergyIntolerance-AllIntExample1 : 0 / 0 / 3
 /Users/grahamegrieve/work/test-igs/hl7.fhir.uv.ipa/input/examples/AllergyIntolerance-NKAExample : 1 / 0 / 2
 /Users/grahamegrieve/work/test-igs/hl7.fhir.uv.ipa/input/examples/Condition-EncounterExample1 : 0 / 0 / 2
 /Users/grahamegrieve/work/test-igs/hl7.fhir.uv.ipa/input/examples/Condition-ProblemExample1 : 0 / 0 / 2
 /Users/grahamegrieve/work/test-igs/hl7.fhir.uv.ipa/input/examples/DocumentReference-USClinicalNoteExample1 : 0 / 0 / 1
 /Users/grahamegrieve/work/test-igs/hl7.fhir.uv.ipa/input/examples/Immunization-ImmExample1 : 0 / 0 / 1
 /Users/grahamegrieve/work/test-igs/hl7.fhir.uv.ipa/input/examples/Medication-MedExample1 : 0 / 0 / 1
 /Users/grahamegrieve/work/test-igs/hl7.fhir.uv.ipa/input/examples/MedicationRequest-MedRecExample1 : 0 / 0 / 5
 /Users/grahamegrieve/work/test-igs/hl7.fhir.uv.ipa/input/examples/MedicationStatement-MedStatementExample1 : 0 / 0 / 3
 /Users/grahamegrieve/work/test-igs/hl7.fhir.uv.ipa/input/examples/Observation-LabExample1 : 0 / 1 / 1
 /Users/grahamegrieve/work/test-igs/hl7.fhir.uv.ipa/input/examples/Observation-SmokingExample1 : 0 / 1 / 1
 /Users/grahamegrieve/work/test-igs/hl7.fhir.uv.ipa/input/examples/Observation-VitalSignsExample1 : 0 / 0 / 2
 /Users/grahamegrieve/work/test-igs/hl7.fhir.uv.ipa/input/examples/Patient-PatientExample1 : 0 / 0 / 1
 /Users/grahamegrieve/work/test-igs/hl7.fhir.uv.ipa/input/examples/Patient-PatientGenderExample1 : 3 / 0 / 2
 /Users/grahamegrieve/work/test-igs/hl7.fhir.uv.ipa/input/examples/Practitioner-PractitionerExample1 : 0 / 0 / 1
 /Users/grahamegrieve/work/test-igs/hl7.fhir.uv.ipa/input/examples/PractitionerRole-PractitionerRoleExample1 : 0 / 0 / 2
 /Users/grahamegrieve/work/test-igs/hl7.fhir.uv.ipa/input/resources/CapabilityStatement-ipa-server : 2 / 0 / 29
 /Users/grahamegrieve/work/test-igs/hl7.fhir.uv.ipa/input/resources/OperationDefinition-docref : 1 / 0 / 1
 /Users/grahamegrieve/work/test-igs/hl7.fhir.uv.ipa/input/resources/StructureDefinition-ipa-allergyintolerance : 1 / 0 / 1
 /Users/grahamegrieve/work/test-igs/hl7.fhir.uv.ipa/input/resources/StructureDefinition-ipa-condition : 1 / 0 / 1
 /Users/grahamegrieve/work/test-igs/hl7.fhir.uv.ipa/input/resources/StructureDefinition-ipa-documentreference : 1 / 0 / 1
 /Users/grahamegrieve/work/test-igs/hl7.fhir.uv.ipa/input/resources/StructureDefinition-ipa-immunization : 1 / 0 / 1
 /Users/grahamegrieve/work/test-igs/hl7.fhir.uv.ipa/input/resources/StructureDefinition-ipa-medication : 1 / 0 / 1
 /Users/grahamegrieve/work/test-igs/hl7.fhir.uv.ipa/input/resources/StructureDefinition-ipa-medicationrequest : 1 / 0 / 1
 /Users/grahamegrieve/work/test-igs/hl7.fhir.uv.ipa/input/resources/StructureDefinition-ipa-medicationstatement : 1 / 0 / 1
 /Users/grahamegrieve/work/test-igs/hl7.fhir.uv.ipa/input/resources/StructureDefinition-ipa-observation : 1 / 0 / 1
 /Users/grahamegrieve/work/test-igs/hl7.fhir.uv.ipa/input/resources/StructureDefinition-ipa-patient : 1 / 0 / 1
 /Users/grahamegrieve/work/test-igs/hl7.fhir.uv.ipa/input/resources/StructureDefinition-ipa-practitioner : 1 / 0 / 1
 /Users/grahamegrieve/work/test-igs/hl7.fhir.uv.ipa/input/resources/StructureDefinition-ipa-practitionerrole : 1 / 0 / 1
 /Users/grahamegrieve/work/test-igs/hl7.fhir.uv.ipa/input/resources/StructureDefinition-ipa-problem-list-item : 1 / 0 / 3
</table>

== n/a ==
WARNING: The jira specification file appears to be out of date with the versions, artifacts and pages currently defined in the IG.  A proposed revised file to be reviewed and, if appropriate, submitted as a pull request against the XML folder in https://github.com/HL7/JIRA-Spec-Artifacts.  To see the differences, perform a file compare on 'template/jira-current.xml' (a normalized view of what is in Github) and 'template/jira-new.xml' (reflects current IG content)
WARNING: 1: The HTML fragment 'ip-statements.xhtml' is not included anywhere in the produced implementation guide
WARNING: 2: An HTML fragment from the set [cross-version-analysis.xhtml, cross-version-analysis-inline.xhtml] is not included anywhere in the produced implementation guide
WARNING: 3: An HTML fragment from the set [dependency-table.xhtml, dependency-table-short.xhtml] is not included anywhere in the produced implementation guide
WARNING: 4: The HTML fragment 'globals-table.xhtml' is not included anywhere in the produced implementation guide


== fsh-generated/resources/ImplementationGuide-hl7.fhir.uv.ipa.json ==
WARNING: /Users/grahamegrieve/work/test-igs/hl7.fhir.uv.ipa/fsh-generated/resources/ImplementationGuide-hl7.fhir.uv.ipa: Unknown Parameters: [excludejsn=false, excludeexample=true]
ERROR: ImplementationGuide/hl7.fhir.uv.ipa: ImplementationGuide.definition.extension[9].extension[0].value.ofType(string): The value provided ('excludejsn') was not found in the value set 'ig-parameters Codes ValueSet' (http://hl7.org/fhir/tools/ValueSet/ig-parameters|0.2.0), and a code is required from this value set  (error message = The System URI could not be determined for the code 'excludejsn' in the ValueSet 'http://hl7.org/fhir/tools/ValueSet/ig-parameters|0.2.0'; The provided code '#excludejsn' was not found in the value set 'http://hl7.org/fhir/tools/ValueSet/ig-parameters|0.2.0')
ERROR: ImplementationGuide/hl7.fhir.uv.ipa: ImplementationGuide.definition.extension[12].extension[0].value.ofType(string): The value provided ('excludeexample') was not found in the value set 'ig-parameters Codes ValueSet' (http://hl7.org/fhir/tools/ValueSet/ig-parameters|0.2.0), and a code is required from this value set  (error message = The System URI could not be determined for the code 'excludeexample' in the ValueSet 'http://hl7.org/fhir/tools/ValueSet/ig-parameters|0.2.0'; The provided code '#excludeexample' was not found in the value set 'http://hl7.org/fhir/tools/ValueSet/ig-parameters|0.2.0')
ERROR: ImplementationGuide/hl7.fhir.uv.ipa: ImplementationGuide.definition.extension[48].extension[0].value.ofType(code): The value provided ('excludejsn') was not found in the value set 'ig-parameters Codes ValueSet' (http://hl7.org/fhir/tools/ValueSet/ig-parameters|0.2.0), and a code is required from this value set  (error message = The System URI could not be determined for the code 'excludejsn' in the ValueSet 'http://hl7.org/fhir/tools/ValueSet/ig-parameters|0.2.0'; The provided code '#excludejsn' was not found in the value set 'http://hl7.org/fhir/tools/ValueSet/ig-parameters|0.2.0')
ERROR: ImplementationGuide/hl7.fhir.uv.ipa: ImplementationGuide.definition.extension[51].extension[0].value.ofType(code): The value provided ('excludeexample') was not found in the value set 'ig-parameters Codes ValueSet' (http://hl7.org/fhir/tools/ValueSet/ig-parameters|0.2.0), and a code is required from this value set  (error message = The System URI could not be determined for the code 'excludeexample' in the ValueSet 'http://hl7.org/fhir/tools/ValueSet/ig-parameters|0.2.0'; The provided code '#excludeexample' was not found in the value set 'http://hl7.org/fhir/tools/ValueSet/ig-parameters|0.2.0')
ERROR: ImplementationGuide/hl7.fhir.uv.ipa: ImplementationGuide: When HL7 is publishing a resource, the owning committee must be stated using the http://hl7.org/fhir/StructureDefinition/structuredefinition-wg extension


== input/examples/AllergyIntolerance-AllIntExample1.xml ==
INFORMATION: AllergyIntolerance/AllIntExample1: AllergyIntolerance.clinicalStatus: Reference to draft CodeSystem http://terminology.hl7.org/CodeSystem/allergyintolerance-clinical|4.0.1
INFORMATION: AllergyIntolerance/AllIntExample1: AllergyIntolerance.verificationStatus: Reference to draft CodeSystem http://terminology.hl7.org/CodeSystem/allergyintolerance-verification|4.0.1


== input/examples/AllergyIntolerance-NKAExample.json ==
INFORMATION: AllergyIntolerance/NKAExample: AllergyIntolerance.code.coding[0].system: A definition for CodeSystem 'http://hl7.org/fhir/uv/ips/CodeSystem/absent-unknown-uv-ips' could not be found, so the code cannot be validated
ERROR: AllergyIntolerance/NKAExample: AllergyIntolerance.code.coding[0].system: URL value 'http://hl7.org/fhir/uv/ips/CodeSystem/absent-unknown-uv-ips' does not resolve


== input/examples/Condition-EncounterExample1.xml ==
INFORMATION: Condition/EncounterExample1: Condition.code: Reference to experimental CodeSystem http://hl7.org/fhir/sid/icd-10|2019-covid-expanded


== input/examples/Condition-ProblemExample1.xml ==
INFORMATION: Condition/ProblemExample1: Condition.code: Reference to experimental CodeSystem http://hl7.org/fhir/sid/icd-10|2019-covid-expanded


== input/examples/DocumentReference-USClinicalNoteExample1.json ==


== input/examples/Immunization-ImmExample1.xml ==


== input/examples/Medication-MedExample1.json ==


== input/examples/MedicationRequest-MedRecExample1.json ==
INFORMATION: MedicationRequest/MedRecExample1: MedicationRequest.category[0]: Reference to draft CodeSystem http://terminology.hl7.org/CodeSystem/medicationrequest-category|1.0.0
INFORMATION: MedicationRequest/MedRecExample1: MedicationRequest.dosageInstruction[0].route.coding[0].code: The code '260548002' is valid but is not active
INFORMATION: MedicationRequest/MedRecExample1: MedicationRequest.dosageInstruction[0].doseAndRate[0].type: Reference to draft CodeSystem http://terminology.hl7.org/CodeSystem/dose-rate-type|1.0.0
INFORMATION: MedicationRequest/MedRecExample1: MedicationRequest.dosageInstruction[0].doseAndRate[1].type: Reference to draft CodeSystem http://terminology.hl7.org/CodeSystem/dose-rate-type|1.0.0


== input/examples/MedicationStatement-MedStatementExample1.json ==
INFORMATION: MedicationStatement/MedStatementExample1: MedicationStatement.dosage[0].route.coding[0].code: The code '260548002' is valid but is not active
INFORMATION: MedicationStatement/MedStatementExample1: MedicationStatement.dosage[0].doseAndRate[0].type: Reference to draft CodeSystem http://terminology.hl7.org/CodeSystem/dose-rate-type|1.0.0


== input/examples/Observation-LabExample1.json ==
WARNING: Observation/LabExample1: Observation: Best Practice Recommendation: In general, all observations should have a performer


== input/examples/Observation-SmokingExample1.json ==
WARNING: Observation/SmokingExample1: Observation.component[2].value.ofType(Quantity): UCUM Codes that contain human readable annotations like {PackYears} can be misleading (e.g. they are ignored when comparing units). Best Practice is not to depend on annotations in the UCUM code, so this usage should be checked


== input/examples/Observation-VitalSignsExample1.json ==


== input/examples/Patient-PatientExample1.xml ==


== input/examples/Patient-PatientGenderExample1.xml ==
INFORMATION: Patient/PatientGenderExample1: Patient.extension[0].value.ofType(CodeableConcept): Reference to draft CodeSystem http://hl7.org/fhir/gender-identity|4.0.1
ERROR: Patient/PatientGenderExample1: Patient.extension[1]: The extension http://hl7.org/fhir/us/core/StructureDefinition/us-core-birthsex could not be found so is not allowed here
ERROR: Patient/PatientGenderExample1: Patient.extension[1].url: URL value 'http://hl7.org/fhir/us/core/StructureDefinition/us-core-birthsex' does not resolve
ERROR: Patient/PatientGenderExample1: Patient.generalPractitioner[0]: Unable to resolve resource with reference 'https://example.com/instance/api/FHIR/R4/Practitioner/efv90i4pFs9fOm7QQhHOUHw3'


== input/examples/Practitioner-PractitionerExample1.json ==


== input/examples/PractitionerRole-PractitionerRoleExample1.json ==
INFORMATION: PractitionerRole/PractitionerRoleExample1: PractitionerRole.code[0]: Reference to draft CodeSystem http://terminology.hl7.org/CodeSystem/practitioner-role|1.0.0


== input/resources/CapabilityStatement-ipa-server.json ==
INFORMATION: CapabilityStatement/ipa-server: CapabilityStatement.rest[0].resource[0].extension[1].extension[0]: This element does not match any known slice defined in the profile http://hl7.org/fhir/StructureDefinition/capabilitystatement-search-parameter-combination|5.1.0 (this may not be a problem, but you should check that it's not intended to match a slice)
INFORMATION: CapabilityStatement/ipa-server: CapabilityStatement.rest[0].resource[1].extension[1].extension[0]: This element does not match any known slice defined in the profile http://hl7.org/fhir/StructureDefinition/capabilitystatement-search-parameter-combination|5.1.0 (this may not be a problem, but you should check that it's not intended to match a slice)
INFORMATION: CapabilityStatement/ipa-server: CapabilityStatement.rest[0].resource[1].extension[2].extension[0]: This element does not match any known slice defined in the profile http://hl7.org/fhir/StructureDefinition/capabilitystatement-search-parameter-combination|5.1.0 (this may not be a problem, but you should check that it's not intended to match a slice)
INFORMATION: CapabilityStatement/ipa-server: CapabilityStatement.rest[0].resource[1].extension[3].extension[0]: This element does not match any known slice defined in the profile http://hl7.org/fhir/StructureDefinition/capabilitystatement-search-parameter-combination|5.1.0 (this may not be a problem, but you should check that it's not intended to match a slice)
INFORMATION: CapabilityStatement/ipa-server: CapabilityStatement.rest[0].resource[1].extension[4].extension[0]: This element does not match any known slice defined in the profile http://hl7.org/fhir/StructureDefinition/capabilitystatement-search-parameter-combination|5.1.0 (this may not be a problem, but you should check that it's not intended to match a slice)
INFORMATION: CapabilityStatement/ipa-server: CapabilityStatement.rest[0].resource[1].extension[5].extension[0]: This element does not match any known slice defined in the profile http://hl7.org/fhir/StructureDefinition/capabilitystatement-search-parameter-combination|5.1.0 (this may not be a problem, but you should check that it's not intended to match a slice)
INFORMATION: CapabilityStatement/ipa-server: CapabilityStatement.rest[0].resource[2].extension[1].extension[0]: This element does not match any known slice defined in the profile http://hl7.org/fhir/StructureDefinition/capabilitystatement-search-parameter-combination|5.1.0 (this may not be a problem, but you should check that it's not intended to match a slice)
INFORMATION: CapabilityStatement/ipa-server: CapabilityStatement.rest[0].resource[2].extension[2].extension[0]: This element does not match any known slice defined in the profile http://hl7.org/fhir/StructureDefinition/capabilitystatement-search-parameter-combination|5.1.0 (this may not be a problem, but you should check that it's not intended to match a slice)
INFORMATION: CapabilityStatement/ipa-server: CapabilityStatement.rest[0].resource[2].extension[3].extension[0]: This element does not match any known slice defined in the profile http://hl7.org/fhir/StructureDefinition/capabilitystatement-search-parameter-combination|5.1.0 (this may not be a problem, but you should check that it's not intended to match a slice)
INFORMATION: CapabilityStatement/ipa-server: CapabilityStatement.rest[0].resource[2].extension[4].extension[0]: This element does not match any known slice defined in the profile http://hl7.org/fhir/StructureDefinition/capabilitystatement-search-parameter-combination|5.1.0 (this may not be a problem, but you should check that it's not intended to match a slice)
INFORMATION: CapabilityStatement/ipa-server: CapabilityStatement.rest[0].resource[2].extension[5].extension[0]: This element does not match any known slice defined in the profile http://hl7.org/fhir/StructureDefinition/capabilitystatement-search-parameter-combination|5.1.0 (this may not be a problem, but you should check that it's not intended to match a slice)
INFORMATION: CapabilityStatement/ipa-server: CapabilityStatement.rest[0].resource[2].extension[6].extension[0]: This element does not match any known slice defined in the profile http://hl7.org/fhir/StructureDefinition/capabilitystatement-search-parameter-combination|5.1.0 (this may not be a problem, but you should check that it's not intended to match a slice)
INFORMATION: CapabilityStatement/ipa-server: CapabilityStatement.rest[0].resource[2].extension[7].extension[0]: This element does not match any known slice defined in the profile http://hl7.org/fhir/StructureDefinition/capabilitystatement-search-parameter-combination|5.1.0 (this may not be a problem, but you should check that it's not intended to match a slice)
INFORMATION: CapabilityStatement/ipa-server: CapabilityStatement.rest[0].resource[3].extension[1].extension[0]: This element does not match any known slice defined in the profile http://hl7.org/fhir/StructureDefinition/capabilitystatement-search-parameter-combination|5.1.0 (this may not be a problem, but you should check that it's not intended to match a slice)
INFORMATION: CapabilityStatement/ipa-server: CapabilityStatement.rest[0].resource[3].extension[2].extension[0]: This element does not match any known slice defined in the profile http://hl7.org/fhir/StructureDefinition/capabilitystatement-search-parameter-combination|5.1.0 (this may not be a problem, but you should check that it's not intended to match a slice)
INFORMATION: CapabilityStatement/ipa-server: CapabilityStatement.rest[0].resource[5].extension[1].extension[0]: This element does not match any known slice defined in the profile http://hl7.org/fhir/StructureDefinition/capabilitystatement-search-parameter-combination|5.1.0 (this may not be a problem, but you should check that it's not intended to match a slice)
INFORMATION: CapabilityStatement/ipa-server: CapabilityStatement.rest[0].resource[5].extension[2].extension[0]: This element does not match any known slice defined in the profile http://hl7.org/fhir/StructureDefinition/capabilitystatement-search-parameter-combination|5.1.0 (this may not be a problem, but you should check that it's not intended to match a slice)
INFORMATION: CapabilityStatement/ipa-server: CapabilityStatement.rest[0].resource[5].extension[3].extension[0]: This element does not match any known slice defined in the profile http://hl7.org/fhir/StructureDefinition/capabilitystatement-search-parameter-combination|5.1.0 (this may not be a problem, but you should check that it's not intended to match a slice)
INFORMATION: CapabilityStatement/ipa-server: CapabilityStatement.rest[0].resource[6].extension[1].extension[0]: This element does not match any known slice defined in the profile http://hl7.org/fhir/StructureDefinition/capabilitystatement-search-parameter-combination|5.1.0 (this may not be a problem, but you should check that it's not intended to match a slice)
ERROR: CapabilityStatement/ipa-server: CapabilityStatement.rest[0].resource[6].searchParam[1].definition: Canonical URL 'http://hl7.org/fhir/SearchParameter/MedicationStatement-patient' does not resolve
INFORMATION: CapabilityStatement/ipa-server: CapabilityStatement.rest[0].resource[7].extension[1].extension[0]: This element does not match any known slice defined in the profile http://hl7.org/fhir/StructureDefinition/capabilitystatement-search-parameter-combination|5.1.0 (this may not be a problem, but you should check that it's not intended to match a slice)
INFORMATION: CapabilityStatement/ipa-server: CapabilityStatement.rest[0].resource[7].extension[2].extension[0]: This element does not match any known slice defined in the profile http://hl7.org/fhir/StructureDefinition/capabilitystatement-search-parameter-combination|5.1.0 (this may not be a problem, but you should check that it's not intended to match a slice)
INFORMATION: CapabilityStatement/ipa-server: CapabilityStatement.rest[0].resource[7].extension[3].extension[0]: This element does not match any known slice defined in the profile http://hl7.org/fhir/StructureDefinition/capabilitystatement-search-parameter-combination|5.1.0 (this may not be a problem, but you should check that it's not intended to match a slice)
INFORMATION: CapabilityStatement/ipa-server: CapabilityStatement.rest[0].resource[7].extension[4].extension[0]: This element does not match any known slice defined in the profile http://hl7.org/fhir/StructureDefinition/capabilitystatement-search-parameter-combination|5.1.0 (this may not be a problem, but you should check that it's not intended to match a slice)
INFORMATION: CapabilityStatement/ipa-server: CapabilityStatement.rest[0].resource[7].extension[5].extension[0]: This element does not match any known slice defined in the profile http://hl7.org/fhir/StructureDefinition/capabilitystatement-search-parameter-combination|5.1.0 (this may not be a problem, but you should check that it's not intended to match a slice)
INFORMATION: CapabilityStatement/ipa-server: CapabilityStatement.rest[0].resource[8].extension[1].extension[0]: This element does not match any known slice defined in the profile http://hl7.org/fhir/StructureDefinition/capabilitystatement-search-parameter-combination|5.1.0 (this may not be a problem, but you should check that it's not intended to match a slice)
INFORMATION: CapabilityStatement/ipa-server: CapabilityStatement.rest[0].resource[8].extension[2].extension[0]: This element does not match any known slice defined in the profile http://hl7.org/fhir/StructureDefinition/capabilitystatement-search-parameter-combination|5.1.0 (this may not be a problem, but you should check that it's not intended to match a slice)
INFORMATION: CapabilityStatement/ipa-server: CapabilityStatement.rest[0].resource[8].extension[3].extension[0]: This element does not match any known slice defined in the profile http://hl7.org/fhir/StructureDefinition/capabilitystatement-search-parameter-combination|5.1.0 (this may not be a problem, but you should check that it's not intended to match a slice)
INFORMATION: CapabilityStatement/ipa-server: CapabilityStatement.rest[0].resource[8].extension[4].extension[0]: This element does not match any known slice defined in the profile http://hl7.org/fhir/StructureDefinition/capabilitystatement-search-parameter-combination|5.1.0 (this may not be a problem, but you should check that it's not intended to match a slice)
ERROR: CapabilityStatement/ipa-server: CapabilityStatement: When HL7 is publishing a resource, the owning committee must be stated using the http://hl7.org/fhir/StructureDefinition/structuredefinition-wg extension


== input/resources/OperationDefinition-docref.json ==
ERROR: OperationDefinition/docref: OperationDefinition: When HL7 is publishing a resource, the owning committee must be stated using the http://hl7.org/fhir/StructureDefinition/structuredefinition-wg extension


== input/resources/StructureDefinition-ipa-allergyintolerance.json ==
ERROR: StructureDefinition/ipa-allergyintolerance: StructureDefinition: When HL7 is publishing a resource, the owning committee must be stated using the http://hl7.org/fhir/StructureDefinition/structuredefinition-wg extension


== input/resources/StructureDefinition-ipa-condition.json ==
ERROR: StructureDefinition/ipa-condition: StructureDefinition: When HL7 is publishing a resource, the owning committee must be stated using the http://hl7.org/fhir/StructureDefinition/structuredefinition-wg extension


== input/resources/StructureDefinition-ipa-documentreference.json ==
ERROR: StructureDefinition/ipa-documentreference: StructureDefinition: When HL7 is publishing a resource, the owning committee must be stated using the http://hl7.org/fhir/StructureDefinition/structuredefinition-wg extension


== input/resources/StructureDefinition-ipa-immunization.json ==
ERROR: StructureDefinition/ipa-immunization: StructureDefinition: When HL7 is publishing a resource, the owning committee must be stated using the http://hl7.org/fhir/StructureDefinition/structuredefinition-wg extension


== input/resources/StructureDefinition-ipa-medication.json ==
ERROR: StructureDefinition/ipa-medication: StructureDefinition: When HL7 is publishing a resource, the owning committee must be stated using the http://hl7.org/fhir/StructureDefinition/structuredefinition-wg extension


== input/resources/StructureDefinition-ipa-medicationrequest.json ==
ERROR: StructureDefinition/ipa-medicationrequest: StructureDefinition: When HL7 is publishing a resource, the owning committee must be stated using the http://hl7.org/fhir/StructureDefinition/structuredefinition-wg extension


== input/resources/StructureDefinition-ipa-medicationstatement.json ==
ERROR: StructureDefinition/ipa-medicationstatement: StructureDefinition: When HL7 is publishing a resource, the owning committee must be stated using the http://hl7.org/fhir/StructureDefinition/structuredefinition-wg extension


== input/resources/StructureDefinition-ipa-observation.json ==
ERROR: StructureDefinition/ipa-observation: StructureDefinition: When HL7 is publishing a resource, the owning committee must be stated using the http://hl7.org/fhir/StructureDefinition/structuredefinition-wg extension


== input/resources/StructureDefinition-ipa-patient.json ==
ERROR: StructureDefinition/ipa-patient: StructureDefinition: When HL7 is publishing a resource, the owning committee must be stated using the http://hl7.org/fhir/StructureDefinition/structuredefinition-wg extension


== input/resources/StructureDefinition-ipa-practitioner.json ==
ERROR: StructureDefinition/ipa-practitioner: StructureDefinition: When HL7 is publishing a resource, the owning committee must be stated using the http://hl7.org/fhir/StructureDefinition/structuredefinition-wg extension


== input/resources/StructureDefinition-ipa-practitionerrole.json ==
ERROR: StructureDefinition/ipa-practitionerrole: StructureDefinition: When HL7 is publishing a resource, the owning committee must be stated using the http://hl7.org/fhir/StructureDefinition/structuredefinition-wg extension


== input/resources/StructureDefinition-ipa-problem-list-item.json ==
INFORMATION: StructureDefinition/ipa-problem-list-item: StructureDefinition.snapshot.element[13].pattern.ofType(CodeableConcept): Reference to draft CodeSystem http://terminology.hl7.org/CodeSystem/condition-category|1.0.0
INFORMATION: StructureDefinition/ipa-problem-list-item: StructureDefinition.differential.element[4].pattern.ofType(CodeableConcept): Reference to draft CodeSystem http://terminology.hl7.org/CodeSystem/condition-category|1.0.0
ERROR: StructureDefinition/ipa-problem-list-item: StructureDefinition: When HL7 is publishing a resource, the owning committee must be stated using the http://hl7.org/fhir/StructureDefinition/structuredefinition-wg extension


