{
  "url" : "http://hl7.org/cda/stds/core/ImplementationGuide/hl7.cda.uv.core",
  "name" : "ClinicalDocumentArchitecture",
  "title" : "Clinical Document Architecture",
  "description" : null,
  "status" : "active",
  "package-id" : "hl7.cda.uv.core",
  "ig-ver" : "2.0.0-sd",
  "date" : "Sun, 12 May, 2024 06:27:19 +1000",
  "dateISO8601" : "2024-05-12T06:27:19+10:00",
  "errs" : 2,
  "warnings" : 1,
  "hints" : 0,
  "suppressed-hints" : 16,
  "suppressed-warnings" : 570,
  "version" : "5.0.0",
  "tool" : "5.0.0 (3)",
  "maxMemory" : 2294626760
}
