{
  "url" : "http://fhir.org/templates/hl7.fhir.template",
  "package-id" : "hl7.fhir.template",
  "ig-ver" : "0.9.0",
  "date" : "Sun, 12 May, 2024 06:26:54 +1000",
  "dateISO8601" : "2024-05-12T06:26:54+10:00",
  "version" : "5.0.0",
  "tool" : "5.0.0 (3)"
}
