{
  "url" : "http://hl7.org/fhir/uv/sdc/ImplementationGuide/hl7.fhir.uv.sdc",
  "name" : "StructuredDataCapture",
  "title" : "Structured Data Capture",
  "description" : "The SDC specification provides an infrastructure to standardize the capture and expanded use of patient-level data collected within an EHR.",
  "status" : "draft",
  "package-id" : "hl7.fhir.uv.sdc",
  "ig-ver" : "3.0.0",
  "date" : "Sun, 12 May, 2024 06:54:15 +1000",
  "dateISO8601" : "2024-05-12T06:54:15+10:00",
  "errs" : 45,
  "warnings" : 72,
  "hints" : 429,
  "suppressed-hints" : 0,
  "suppressed-warnings" : 6,
  "version" : "4.0.1",
  "tool" : "5.0.0 (3)",
  "maxMemory" : 2386230760
}
