{
  "url" : "http://hl7.org/fhir/extensions/ImplementationGuide/hl7.fhir.uv.extensions",
  "name" : "FHIRExtensionPack",
  "title" : "FHIR Extensions Pack",
  "description" : "This IG defines the global extensions - the ones defined for everyone. These extensions are always in scope wherever FHIR is being used",
  "status" : "active",
  "package-id" : "hl7.fhir.uv.extensions",
  "ig-ver" : "5.1.0-cibuild",
  "date" : "Sat, 11 May, 2024 23:22:49 +1000",
  "dateISO8601" : "2024-05-11T23:22:49+10:00",
  "errs" : 1099,
  "warnings" : 69,
  "hints" : 1607,
  "suppressed-hints" : 288,
  "suppressed-warnings" : 6,
  "version" : "5.0.0",
  "tool" : "5.0.0 (3)",
  "maxMemory" : 6279028304
}
