HowToCreateIGs : Validation Results
=========================================

err = 51, warn = 35, info = 2
$--
Generated $--. FHIR version $-- for hl7.fhir.uv.howto#$-- (canonical = http://hl7.org/fhir/uv/howto)
 Build Errors : 31 / 21 / 0
 input/examples/Patient-example : 0 / 1 / 1
 input/factories/Encounter-1 : 4 / 0 / 1
 input/factories/Encounter-2 : 4 / 0 / 1
 input/factories/Encounter-3 : 4 / 0 / 1
 input/factories/Encounter-4 : 4 / 0 / 1
 input/factories/MedicationStatement-1 : 2 / 0 / 1
 input/factories/MedicationStatement-2 : 2 / 0 / 1
 input/factories/MedicationStatement-4 : 2 / 0 / 1
 input/factories/Observation-bp-1 : 0 / 1 / 2
 input/factories/Observation-bp-2 : 0 / 1 / 2
 input/factories/Observation-bp-3 : 0 / 1 / 2
 input/factories/Observation-bp-4 : 0 / 1 / 2
 input/factories/Observation-weight-1 : 0 / 1 / 2
 input/factories/Observation-weight-2 : 0 / 1 / 2
 input/factories/Observation-weight-3 : 0 / 1 / 2
 input/factories/Observation-weight-4 : 0 / 1 / 2
 input/factories/Patient-1 : 2 / 0 / 1
 input/factories/Patient-2 : 2 / 0 / 1
 input/factories/Patient-3 : 2 / 0 / 1
 input/factories/Patient-4 : 2 / 0 / 1
 input/howto : 3 / 1 / 2
 input/resources/test-patient-profile : 3 / 5 / 2
</table>
== n/a ==
WARNING: Unable to find ImplementationGuide.definition.resource.description for the resource StructureDefinition/test-patient-profile.  Descriptions are strongly encouraged if they cannot be inferred from the resource to allow proper population of the artifact list.
WARNING: Unable to find ImplementationGuide.definition.resource.description for the resource Patient/2451.  Descriptions are strongly encouraged if they cannot be inferred from the resource to allow proper population of the artifact list.
WARNING: Unable to find ImplementationGuide.definition.resource.description for the resource Patient/47234.  Descriptions are strongly encouraged if they cannot be inferred from the resource to allow proper population of the artifact list.
WARNING: Unable to find ImplementationGuide.definition.resource.description for the resource Patient/562.  Descriptions are strongly encouraged if they cannot be inferred from the resource to allow proper population of the artifact list.
WARNING: Unable to find ImplementationGuide.definition.resource.description for the resource Patient/689272.  Descriptions are strongly encouraged if they cannot be inferred from the resource to allow proper population of the artifact list.
ERROR: Unable to find ImplementationGuide.definition.resource.name for the resource Encounter/1.  Name is mandatory if it cannot be inferred from the resource to allow proper population of the artifact list.
WARNING: Unable to find ImplementationGuide.definition.resource.description for the resource Encounter/1.  Descriptions are strongly encouraged if they cannot be inferred from the resource to allow proper population of the artifact list.
ERROR: Unable to find ImplementationGuide.definition.resource.name for the resource Encounter/2.  Name is mandatory if it cannot be inferred from the resource to allow proper population of the artifact list.
WARNING: Unable to find ImplementationGuide.definition.resource.description for the resource Encounter/2.  Descriptions are strongly encouraged if they cannot be inferred from the resource to allow proper population of the artifact list.
ERROR: Unable to find ImplementationGuide.definition.resource.name for the resource Encounter/3.  Name is mandatory if it cannot be inferred from the resource to allow proper population of the artifact list.
WARNING: Unable to find ImplementationGuide.definition.resource.description for the resource Encounter/3.  Descriptions are strongly encouraged if they cannot be inferred from the resource to allow proper population of the artifact list.
ERROR: Unable to find ImplementationGuide.definition.resource.name for the resource Encounter/4.  Name is mandatory if it cannot be inferred from the resource to allow proper population of the artifact list.
WARNING: Unable to find ImplementationGuide.definition.resource.description for the resource Encounter/4.  Descriptions are strongly encouraged if they cannot be inferred from the resource to allow proper population of the artifact list.
ERROR: Unable to find ImplementationGuide.definition.resource.name for the resource MedicationStatement/45dd3fa0-aceb-4453-ae2b-2cbd49c2bf50.  Name is mandatory if it cannot be inferred from the resource to allow proper population of the artifact list.
WARNING: Unable to find ImplementationGuide.definition.resource.description for the resource MedicationStatement/45dd3fa0-aceb-4453-ae2b-2cbd49c2bf50.  Descriptions are strongly encouraged if they cannot be inferred from the resource to allow proper population of the artifact list.
ERROR: Unable to find ImplementationGuide.definition.resource.name for the resource MedicationStatement/4f308490-0a54-452d-ac46-76ec6c6a470d.  Name is mandatory if it cannot be inferred from the resource to allow proper population of the artifact list.
WARNING: Unable to find ImplementationGuide.definition.resource.description for the resource MedicationStatement/4f308490-0a54-452d-ac46-76ec6c6a470d.  Descriptions are strongly encouraged if they cannot be inferred from the resource to allow proper population of the artifact list.
ERROR: Unable to find ImplementationGuide.definition.resource.name for the resource MedicationStatement/bc59fe40-bef5-4bac-834d-c2108323a634.  Name is mandatory if it cannot be inferred from the resource to allow proper population of the artifact list.
WARNING: Unable to find ImplementationGuide.definition.resource.description for the resource MedicationStatement/bc59fe40-bef5-4bac-834d-c2108323a634.  Descriptions are strongly encouraged if they cannot be inferred from the resource to allow proper population of the artifact list.
ERROR: Unable to find ImplementationGuide.definition.resource.name for the resource Observation/01c2b6a9-ad34-4abb-ac60-a25cfd2d6ae9.  Name is mandatory if it cannot be inferred from the resource to allow proper population of the artifact list.
WARNING: Unable to find ImplementationGuide.definition.resource.description for the resource Observation/01c2b6a9-ad34-4abb-ac60-a25cfd2d6ae9.  Descriptions are strongly encouraged if they cannot be inferred from the resource to allow proper population of the artifact list.
ERROR: Unable to find ImplementationGuide.definition.resource.name for the resource Observation/301d2284-0968-4dea-a68d-37ca3af12bc6.  Name is mandatory if it cannot be inferred from the resource to allow proper population of the artifact list.
WARNING: Unable to find ImplementationGuide.definition.resource.description for the resource Observation/301d2284-0968-4dea-a68d-37ca3af12bc6.  Descriptions are strongly encouraged if they cannot be inferred from the resource to allow proper population of the artifact list.
ERROR: Unable to find ImplementationGuide.definition.resource.name for the resource Observation/32d489bc-5474-4ff8-bbea-8918b2a1bba9.  Name is mandatory if it cannot be inferred from the resource to allow proper population of the artifact list.
WARNING: Unable to find ImplementationGuide.definition.resource.description for the resource Observation/32d489bc-5474-4ff8-bbea-8918b2a1bba9.  Descriptions are strongly encouraged if they cannot be inferred from the resource to allow proper population of the artifact list.
ERROR: Unable to find ImplementationGuide.definition.resource.name for the resource Observation/34de4f2f-1204-4579-b02d-a9461ff84265.  Name is mandatory if it cannot be inferred from the resource to allow proper population of the artifact list.
WARNING: Unable to find ImplementationGuide.definition.resource.description for the resource Observation/34de4f2f-1204-4579-b02d-a9461ff84265.  Descriptions are strongly encouraged if they cannot be inferred from the resource to allow proper population of the artifact list.
ERROR: Unable to find ImplementationGuide.definition.resource.name for the resource Observation/4a4340a3-7ef4-4f6c-af5e-1c8faef8d32b.  Name is mandatory if it cannot be inferred from the resource to allow proper population of the artifact list.
WARNING: Unable to find ImplementationGuide.definition.resource.description for the resource Observation/4a4340a3-7ef4-4f6c-af5e-1c8faef8d32b.  Descriptions are strongly encouraged if they cannot be inferred from the resource to allow proper population of the artifact list.
ERROR: Unable to find ImplementationGuide.definition.resource.name for the resource Observation/522c4633-5e1d-4888-ba37-9c6954b1a28b.  Name is mandatory if it cannot be inferred from the resource to allow proper population of the artifact list.
WARNING: Unable to find ImplementationGuide.definition.resource.description for the resource Observation/522c4633-5e1d-4888-ba37-9c6954b1a28b.  Descriptions are strongly encouraged if they cannot be inferred from the resource to allow proper population of the artifact list.
ERROR: Unable to find ImplementationGuide.definition.resource.name for the resource Observation/62134e06-2d3f-43f9-99e4-acb7574b7e7a.  Name is mandatory if it cannot be inferred from the resource to allow proper population of the artifact list.
WARNING: Unable to find ImplementationGuide.definition.resource.description for the resource Observation/62134e06-2d3f-43f9-99e4-acb7574b7e7a.  Descriptions are strongly encouraged if they cannot be inferred from the resource to allow proper population of the artifact list.
ERROR: Unable to find ImplementationGuide.definition.resource.name for the resource Observation/ab575b81-d861-4a5c-ae75-02b633d1a483.  Name is mandatory if it cannot be inferred from the resource to allow proper population of the artifact list.
WARNING: Unable to find ImplementationGuide.definition.resource.description for the resource Observation/ab575b81-d861-4a5c-ae75-02b633d1a483.  Descriptions are strongly encouraged if they cannot be inferred from the resource to allow proper population of the artifact list.
ERROR: /Users/runner/work/1/target-ig/output/MedicationStatement-45dd3fa0-aceb-4453-ae2b-2cbd49c2bf50.html#/html/body/div/div/div/div/div/div/p/a at Line 267, column 593: The link 'Encounter/a7d1156d-16d3-41e6-b455-dc39456e5e58' for "Encounter/a7d1156d-16d3-41e6-b455-dc39456e5e58" cannot be resolved
ERROR: /Users/runner/work/1/target-ig/output/MedicationStatement-4f308490-0a54-452d-ac46-76ec6c6a470d.html#/html/body/div/div/div/div/div/div/p/a at Line 267, column 591: The link 'Encounter/31fd48a8-d804-4239-b50a-17f5b6863a73' for "Encounter/31fd48a8-d804-4239-b50a-17f5b6863a73" cannot be resolved
ERROR: /Users/runner/work/1/target-ig/output/MedicationStatement-bc59fe40-bef5-4bac-834d-c2108323a634.html#/html/body/div/div/div/div/div/div/p/a at Line 267, column 596: The link 'Encounter/cf523f46-7fe3-4adf-a508-3c151fdff339' for "Encounter/cf523f46-7fe3-4adf-a508-3c151fdff339" cannot be resolved
ERROR: /Users/runner/work/1/target-ig/output/Patient-2451.html#/html/body/div/div/div/div/div/div/table/tr/td/ul/li/a at Line 265, column 966: The link 'Organization/1' for "Organization/1" cannot be resolved
ERROR: /Users/runner/work/1/target-ig/output/Patient-47234.html#/html/body/div/div/div/div/div/div/table/tr/td/ul/li/a at Line 265, column 925: The link 'Organization/1' for "Organization/1" cannot be resolved
ERROR: /Users/runner/work/1/target-ig/output/Patient-562.html#/html/body/div/div/div/div/div/div/table/tr/td/ul/li/a at Line 265, column 908: The link 'Organization/1' for "Organization/1" cannot be resolved
ERROR: /Users/runner/work/1/target-ig/output/Patient-689272.html#/html/body/div/div/div/div/div/div/table/tr/td/ul/li/a at Line 265, column 962: The link 'Organization/1' for "Organization/1" cannot be resolved
ERROR: /Users/runner/work/1/target-ig/output/related-igs.html#/html/body/div/div/div/div/div/ul/li/a at Line 311, column 21: The link 'file:///Users/grahamegrieve/temp/igs/HL7-cds-hooks-library#master/output' for "hl7.fhir.uv.cds-hooks-library" cannot be resolved
ERROR: /Users/runner/work/1/target-ig/output/related-igs.html#/html/body/div/div/div/div/div/table/tr/td/a at Line 333, column 8: The link 'file:///Users/grahamegrieve/temp/igs/HL7-cds-hooks-library#master/output' for "hl7.fhir.uv.cds-hooks-library" cannot be resolved
ERROR: /Users/runner/work/1/target-ig/output/sql.html#/html/body/div/div/div/div/div/div/table/tr/td/a at Line 237, column 226: The link 'canonical' for "canonical" cannot be resolved
WARNING: /Users/runner/work/1/target-ig/output/sql.html#/html/body/div/div/div/div/div/div/table/tr/td/a at Line 237, column 268: The link 'http://hl7.org/fhir/uv/howto' for "http://hl7.org/fhir/uv/howto" is a canonical link and is therefore unsafe with regard to versions
ERROR: /Users/runner/work/1/target-ig/output/sql.html#/html/body/div/div/div/div/div/div/table/tr/td/a at Line 237, column 370: The link 'hl7.fhir.uv.howto' for "Guidance for FHIR IG Creation" cannot be resolved
ERROR: /Users/runner/work/1/target-ig/output/sql.html#/html/body/div/div/div/div/div/div/table/tr/td/a at Line 237, column 514: The link 'hl7.fhir.uv.howto' for "Guidance for FHIR IG Creation" cannot be resolved
ERROR: /Users/runner/work/1/target-ig/output/using-templates.html#/html/body/div/div/div/div/div/div/table/tbody/tr/td/p/a at Line 534, column 62: The link 'template.html#sharedContent' for "Shared Content" cannot be resolved (valid targets: [summary, shared, liquid-templates-for-narrative, segment-header, adding-an-icon-to-the-template, publish-box, bottom, segment-post-footer, append-a-css-to-change-the-background-color, extending-the-hl7-ig-templates, example, ig-status, top, changing-the-custom-template, liquid, shared-content, stripe, running-the-publisher, segment-footer, customize-a-template, segment-navbar, segment-content, segment-breadcrumb, setting-up-the-local-custom-template])
ERROR: /Users/runner/work/1/target-ig/output/using-templates.html#/html/body/div/div/div/div/div/div/table/tbody/tr/td/p/a at Line 539, column 70: The link '#todo' for "here" cannot be resolved (valid targets: 41 targets)
ERROR: /Users/runner/work/1/target-ig/output/using-templates.html#/html/body/div/div/div/div/div/div/p/a at Line 674, column 6: The link 'template.html#todo' for "authoring templates." cannot be resolved (valid targets: [summary, shared, liquid-templates-for-narrative, segment-header, adding-an-icon-to-the-template, publish-box, bottom, segment-post-footer, append-a-css-to-change-the-background-color, extending-the-hl7-ig-templates, example, ig-status, top, changing-the-custom-template, liquid, shared-content, stripe, running-the-publisher, segment-footer, customize-a-template, segment-navbar, segment-content, segment-breadcrumb, setting-up-the-local-custom-template])
ERROR: /Users/runner/work/1/target-ig/output/using-templates.html#/html/body/div/div/div/div/div/div/ul/li/p/a at Line 685, column 17: The link 'template.html#todo' for "templates section" cannot be resolved (valid targets: [summary, shared, liquid-templates-for-narrative, segment-header, adding-an-icon-to-the-template, publish-box, bottom, segment-post-footer, append-a-css-to-change-the-background-color, extending-the-hl7-ig-templates, example, ig-status, top, changing-the-custom-template, liquid, shared-content, stripe, running-the-publisher, segment-footer, customize-a-template, segment-navbar, segment-content, segment-breadcrumb, setting-up-the-local-custom-template])
== input/examples/Patient-example.xml ==
WARNING: Patient/example: Patient.meta.profile[0]: Profile reference 'http://example.org/fhir/uv/myig/StructureDefinition/mypatient' has not been checked because it could not be found, and the validator is set to not fetch unknown profiles
== input/factories/Encounter-1.json ==
ERROR: Encounter.serviceType: The property serviceType must be a JSON Array, not an Object (at Encounter)
ERROR: Encounter.serviceType: Unrecognized property 'coding'
ERROR: Encounter: Unrecognized property 'identifier:'
ERROR: Encounter: Unrecognized property 'period'
== input/factories/Encounter-2.json ==
ERROR: Encounter.serviceType: The property serviceType must be a JSON Array, not an Object (at Encounter)
ERROR: Encounter.serviceType: Unrecognized property 'coding'
ERROR: Encounter: Unrecognized property 'identifier:'
ERROR: Encounter: Unrecognized property 'period'
== input/factories/Encounter-3.json ==
ERROR: Encounter.serviceType: The property serviceType must be a JSON Array, not an Object (at Encounter)
ERROR: Encounter.serviceType: Unrecognized property 'coding'
ERROR: Encounter: Unrecognized property 'identifier:'
ERROR: Encounter: Unrecognized property 'period'
== input/factories/Encounter-4.json ==
ERROR: Encounter.serviceType: The property serviceType must be a JSON Array, not an Object (at Encounter)
ERROR: Encounter.serviceType: Unrecognized property 'coding'
ERROR: Encounter: Unrecognized property 'identifier:'
ERROR: Encounter: Unrecognized property 'period'
== input/factories/MedicationStatement-1.json ==
ERROR: MedicationStatement/45dd3fa0-aceb-4453-ae2b-2cbd49c2bf50: MedicationStatement.encounter: Unable to resolve resource with reference 'Encounter/a7d1156d-16d3-41e6-b455-dc39456e5e58'
ERROR: MedicationStatement.text.div: Hyperlink 'Encounter/a7d1156d-16d3-41e6-b455-dc39456e5e58' at 'div/p/a' for 'Encounter/a7d1156d-16d3-41e6-b455-dc39456e5e58' does not resolve
== input/factories/MedicationStatement-2.json ==
ERROR: MedicationStatement/bc59fe40-bef5-4bac-834d-c2108323a634: MedicationStatement.encounter: Unable to resolve resource with reference 'Encounter/cf523f46-7fe3-4adf-a508-3c151fdff339'
ERROR: MedicationStatement.text.div: Hyperlink 'Encounter/cf523f46-7fe3-4adf-a508-3c151fdff339' at 'div/p/a' for 'Encounter/cf523f46-7fe3-4adf-a508-3c151fdff339' does not resolve
== input/factories/MedicationStatement-4.json ==
ERROR: MedicationStatement/4f308490-0a54-452d-ac46-76ec6c6a470d: MedicationStatement.encounter: Unable to resolve resource with reference 'Encounter/31fd48a8-d804-4239-b50a-17f5b6863a73'
ERROR: MedicationStatement.text.div: Hyperlink 'Encounter/31fd48a8-d804-4239-b50a-17f5b6863a73' at 'div/p/a' for 'Encounter/31fd48a8-d804-4239-b50a-17f5b6863a73' does not resolve
== input/factories/Observation-bp-1.json ==
WARNING: Observation/4a4340a3-7ef4-4f6c-af5e-1c8faef8d32b: Observation: Best Practice Recommendation: In general, all observations should have a performer
== input/factories/Observation-bp-2.json ==
WARNING: Observation/301d2284-0968-4dea-a68d-37ca3af12bc6: Observation: Best Practice Recommendation: In general, all observations should have a performer
== input/factories/Observation-bp-3.json ==
WARNING: Observation/01c2b6a9-ad34-4abb-ac60-a25cfd2d6ae9: Observation: Best Practice Recommendation: In general, all observations should have a performer
== input/factories/Observation-bp-4.json ==
WARNING: Observation/ab575b81-d861-4a5c-ae75-02b633d1a483: Observation: Best Practice Recommendation: In general, all observations should have a performer
== input/factories/Observation-weight-1.json ==
WARNING: Observation/34de4f2f-1204-4579-b02d-a9461ff84265: Observation: Best Practice Recommendation: In general, all observations should have a performer
== input/factories/Observation-weight-2.json ==
WARNING: Observation/62134e06-2d3f-43f9-99e4-acb7574b7e7a: Observation: Best Practice Recommendation: In general, all observations should have a performer
== input/factories/Observation-weight-3.json ==
WARNING: Observation/522c4633-5e1d-4888-ba37-9c6954b1a28b: Observation: Best Practice Recommendation: In general, all observations should have a performer
== input/factories/Observation-weight-4.json ==
WARNING: Observation/32d489bc-5474-4ff8-bbea-8918b2a1bba9: Observation: Best Practice Recommendation: In general, all observations should have a performer
== input/factories/Patient-1.json ==
ERROR: Patient/47234: Patient.managingOrganization: Unable to resolve resource with reference 'Organization/1'
ERROR: Patient.text.div: Hyperlink 'Organization/1' at 'div/table/tr/td/ul/li/a' for 'Organization/1' does not resolve
== input/factories/Patient-2.json ==
ERROR: Patient/689272: Patient.managingOrganization: Unable to resolve resource with reference 'Organization/1'
ERROR: Patient.text.div: Hyperlink 'Organization/1' at 'div/table/tr/td/ul/li/a' for 'Organization/1' does not resolve
== input/factories/Patient-3.json ==
ERROR: Patient/2451: Patient.managingOrganization: Unable to resolve resource with reference 'Organization/1'
ERROR: Patient.text.div: Hyperlink 'Organization/1' at 'div/table/tr/td/ul/li/a' for 'Organization/1' does not resolve
== input/factories/Patient-4.json ==
ERROR: Patient/562: Patient.managingOrganization: Unable to resolve resource with reference 'Organization/1'
ERROR: Patient.text.div: Hyperlink 'Organization/1' at 'div/table/tr/td/ul/li/a' for 'Organization/1' does not resolve
== input/howto.xml ==
INFORMATION: ImplementationGuide/hl7.fhir.uv.howto: ImplementationGuide.jurisdiction[0]: Reference to deprecated ValueSet http://hl7.org/fhir/ValueSet/jurisdiction|5.0.0
ERROR: ImplementationGuide/hl7.fhir.uv.howto: ImplementationGuide: When HL7 is publishing a resource, the owning committee must be stated using the http://hl7.org/fhir/StructureDefinition/structuredefinition-wg extension
ERROR: ImplementationGuide/hl7.fhir.uv.howto: ImplementationGuide: HL7 Implementation Guides must state their status explicitly using the extension http://hl7.org/fhir/StructureDefinition/structuredefinition-standards-status
ERROR: ImplementationGuide/hl7.fhir.uv.howto: ImplementationGuide: HL7 Implementation Guides must state their owning workgroup explicitly using the extension http://hl7.org/fhir/StructureDefinition/structuredefinition-wg
WARNING: ImplementationGuide/hl7.fhir.uv.howto: ImplementationGuide: HL7 Implementation Guides should state their maturity explicitly using the extension http://hl7.org/fhir/StructureDefinition/structuredefinition-fmm
== input/resources/test-patient-profile.json ==
INFORMATION: StructureDefinition/test-patient-profile: StructureDefinition.jurisdiction[0]: Reference to deprecated ValueSet http://hl7.org/fhir/ValueSet/jurisdiction|5.0.0
WARNING: StructureDefinition/test-patient-profile: StructureDefinition.snapshot.element[10]: Constraint failed: eld-24: 'pattern[x] should be used rather than fixed[x]' (defined in http://hl7.org/fhir/StructureDefinition/ElementDefinition) (Best Practice Recommendation)
ERROR: StructureDefinition/test-patient-profile: StructureDefinition.snapshot.element[38].fixed.ofType(Reference): Unable to resolve resource with reference 'Organization/1'
WARNING: StructureDefinition/test-patient-profile: StructureDefinition.snapshot.element[38]: Constraint failed: eld-24: 'pattern[x] should be used rather than fixed[x]' (defined in http://hl7.org/fhir/StructureDefinition/ElementDefinition) (Best Practice Recommendation)
WARNING: StructureDefinition/test-patient-profile: StructureDefinition.differential.element[2]: Constraint failed: eld-24: 'pattern[x] should be used rather than fixed[x]' (defined in http://hl7.org/fhir/StructureDefinition/ElementDefinition) (Best Practice Recommendation)
ERROR: StructureDefinition/test-patient-profile: StructureDefinition.differential.element[15].fixed.ofType(Reference): Unable to resolve resource with reference 'Organization/1'
WARNING: StructureDefinition/test-patient-profile: StructureDefinition.differential.element[15]: Constraint failed: eld-24: 'pattern[x] should be used rather than fixed[x]' (defined in http://hl7.org/fhir/StructureDefinition/ElementDefinition) (Best Practice Recommendation)
ERROR: StructureDefinition/test-patient-profile: StructureDefinition: When HL7 is publishing a resource, the owning committee must be stated using the http://hl7.org/fhir/StructureDefinition/structuredefinition-wg extension
WARNING: StructureDefinition/test-patient-profile: StructureDefinition.snapshot.element[38].fixed.ofType(Reference): For the complex type Reference, consider using a pattern rather than a fixed value to avoid over-constraining the instance
