{
  "url" : "https://profiles.ihe.net/ITI/MHD/ImplementationGuide/ihe.iti.mhd",
  "name" : "IHE_ITI_MHD",
  "title" : "Mobile access to Health Documents (MHD)",
  "description" : "ImplementationGuide for IHE IT Infrastructure Technical Framework Supplement Mobile access to Health Documents (MHD)",
  "status" : "active",
  "package-id" : "ihe.iti.mhd",
  "ig-ver" : "4.2.2-current",
  "date" : "Sun, 12 May, 2024 06:50:16 +1000",
  "dateISO8601" : "2024-05-12T06:50:16+10:00",
  "errs" : 7,
  "warnings" : 8,
  "hints" : 64,
  "suppressed-hints" : 45,
  "suppressed-warnings" : 14,
  "version" : "4.0.1",
  "tool" : "5.0.0 (3)",
  "maxMemory" : 3592421536
}
